Component: ARM Compiler 5.06 update 4 (build 422) Tool: armlink [4d35d2]

==============================================================================

Section Cross References

    blinky.o(.text) refers to stm32f4xx_hal_rcc.o(.text) for HAL_RCC_OscConfig
    blinky.o(.text) refers to rt_cmsis.o(i.osKernelInitialize) for osKernelInitialize
    blinky.o(.text) refers to stm32f4xx_hal.o(.text) for HAL_Init
    blinky.o(.text) refers to led_f4discovery.o(.text) for LED_Initialize
    blinky.o(.text) refers to buttons_f4discovery.o(.text) for Buttons_Initialize
    blinky.o(.text) refers to thread_led.o(.text) for Init_Thread_LED
    blinky.o(.text) refers to rt_cmsis.o(i.osKernelStart) for osKernelStart
    blinky.o(.text) refers to rt_time.o(.data) for os_time
    thread_led.o(.text) refers to rt_cmsis.o(i.osSemaphoreCreate) for osSemaphoreCreate
    thread_led.o(.text) refers to rt_cmsis.o(i.osThreadCreate) for osThreadCreate
    thread_led.o(.text) refers to rt_cmsis.o(i.osSemaphoreWait) for osSemaphoreWait
    thread_led.o(.text) refers to led_f4discovery.o(.text) for LED_On
    thread_led.o(.text) refers to rt_cmsis.o(i.osDelay) for osDelay
    thread_led.o(.text) refers to rt_cmsis.o(i.osSemaphoreRelease) for osSemaphoreRelease
    thread_led.o(.text) refers to thread_led.o(.constdata) for os_semaphore_def_sem1
    thread_led.o(.text) refers to thread_led.o(.data) for sem1ID
    thread_led.o(.constdata) refers to thread_led.o(.text) for Thread_LED
    thread_led.o(.constdata) refers to thread_led.o(.data) for os_semaphore_cb_sem1
    buttons_f4discovery.o(.text) refers to stm32f4xx_hal_gpio.o(.text) for HAL_GPIO_Init
    led_f4discovery.o(.text) refers to stm32f4xx_hal_gpio.o(.text) for HAL_GPIO_Init
    led_f4discovery.o(.text) refers to led_f4discovery.o(.constdata) for LED_PIN
    rtx_conf_cm.o(.ARM.Collect$$$$000000FF) refers to rt_cmsis.o(i.osKernelInitialize) for osKernelInitialize
    rtx_conf_cm.o(.ARM.Collect$$$$000000FF) refers to rt_cmsis.o(i.osThreadCreate) for osThreadCreate
    rtx_conf_cm.o(.ARM.Collect$$$$000000FF) refers to rt_cmsis.o(i.osKernelStart) for osKernelStart
    rtx_conf_cm.o(.ARM.Collect$$$$000000FF) refers to rtx_conf_cm.o(.constdata) for .constdata
    rtx_conf_cm.o(.constdata) refers to rt_cmsis.o(i.osTimerThread) for osTimerThread
    rtx_conf_cm.o(.constdata) refers to rtx_conf_cm.o(.bss) for os_messageQ_q_osTimerMessageQ
    rtx_conf_cm.o(.constdata) refers to blinky.o(.text) for main
    stm32f4xx_hal.o(.text) refers to stm32f4xx_hal_cortex.o(.text) for HAL_SYSTICK_Config
    stm32f4xx_hal.o(.text) refers to blinky.o(.text) for HAL_GetTick
    stm32f4xx_hal.o(.text) refers to system_stm32f4xx.o(.data) for SystemCoreClock
    stm32f4xx_hal.o(.text) refers to stm32f4xx_hal.o(.data) for uwTick
    stm32f4xx_hal_pwr_ex.o(.text) refers to blinky.o(.text) for HAL_GetTick
    stm32f4xx_hal_rcc.o(.text) refers to blinky.o(.text) for HAL_GetTick
    stm32f4xx_hal_rcc.o(.text) refers to stm32f4xx_hal.o(.text) for HAL_InitTick
    stm32f4xx_hal_rcc.o(.text) refers to stm32f4xx_hal_gpio.o(.text) for HAL_GPIO_Init
    stm32f4xx_hal_rcc.o(.text) refers to stm32f4xx_hal_rcc.o(.constdata) for APBAHBPrescTable
    stm32f4xx_hal_rcc.o(.text) refers to system_stm32f4xx.o(.data) for SystemCoreClock
    stm32f4xx_hal_rcc_ex.o(.text) refers to blinky.o(.text) for HAL_GetTick
    stm32f4xx_hal_rcc_ex.o(.text) refers to system_stm32f4xx.o(.data) for SystemCoreClock
    startup_stm32f407xx.o(RESET) refers to startup_stm32f407xx.o(STACK) for __initial_sp
    startup_stm32f407xx.o(RESET) refers to startup_stm32f407xx.o(.text) for Reset_Handler
    startup_stm32f407xx.o(RESET) refers to hal_cm4.o(.emb_text) for SVC_Handler
    startup_stm32f407xx.o(.text) refers to system_stm32f4xx.o(.text) for SystemInit
    startup_stm32f407xx.o(.text) refers to entry.o(.ARM.Collect$$$$00000000) for __main
    system_stm32f4xx.o(.text) refers to system_stm32f4xx.o(.data) for SystemCoreClock
    system_stm32f4xx.o(.text) refers to system_stm32f4xx.o(.constdata) for AHBPrescTable
    rt_cmsis.o(i.isrMessageGet) refers to rt_mailbox.o(i.isr_mbx_receive) for isr_mbx_receive
    rt_cmsis.o(i.isrMessagePut) refers to rt_mailbox.o(i.rt_mbx_check) for rt_mbx_check
    rt_cmsis.o(i.isrMessagePut) refers to rt_mailbox.o(i.isr_mbx_send) for isr_mbx_send
    rt_cmsis.o(i.isrSemaphoreRelease) refers to rt_cmsis.o(i.rt_id2obj) for rt_id2obj
    rt_cmsis.o(i.isrSemaphoreRelease) refers to rt_semaphore.o(i.isr_sem_send) for isr_sem_send
    rt_cmsis.o(i.isrSignalSet) refers to rt_cmsis.o(i.rt_tid2ptcb) for rt_tid2ptcb
    rt_cmsis.o(i.isrSignalSet) refers to rt_event.o(i.isr_evt_set) for isr_evt_set
    rt_cmsis.o(i.osDelay) refers to rt_cmsis.o(i.svcDelay) for svcDelay
    rt_cmsis.o(i.osKernelInitialize) refers to rt_cmsis.o(i.svcKernelInitialize) for svcKernelInitialize
[...]
    rt_system.o(i.rt_tsk_lock) refers to rt_system.o(.data) for .data
    rt_system.o(i.rt_tsk_unlock) refers to rt_system.o(.data) for .data
    rt_event.o(i.isr_evt_set) refers to rt_list.o(i.rt_psq_enq) for rt_psq_enq
    rt_event.o(i.isr_evt_set) refers to rt_system.o(i.rt_psh_req) for rt_psh_req
    rt_event.o(i.isr_evt_set) refers to rtx_conf_cm.o(.bss) for os_active_TCB
    rt_event.o(i.rt_evt_clr) refers to rtx_conf_cm.o(.bss) for os_active_TCB
    rt_event.o(i.rt_evt_get) refers to rt_task.o(.data) for os_tsk
    rt_event.o(i.rt_evt_psh) refers to rt_list.o(i.rt_rmv_dly) for rt_rmv_dly
    rt_event.o(i.rt_evt_psh) refers to hal_cm.o(i.rt_ret_val2) for rt_ret_val2
    rt_event.o(i.rt_evt_psh) refers to rt_list.o(i.rt_put_prio) for rt_put_prio
    rt_event.o(i.rt_evt_psh) refers to rt_list.o(.bss) for os_rdy
    rt_event.o(i.rt_evt_set) refers to rt_list.o(i.rt_rmv_dly) for rt_rmv_dly
    rt_event.o(i.rt_evt_set) refers to hal_cm.o(i.rt_ret_val2) for rt_ret_val2
    rt_event.o(i.rt_evt_set) refers to rt_task.o(i.rt_dispatch) for rt_dispatch
    rt_event.o(i.rt_evt_set) refers to rtx_conf_cm.o(.bss) for os_active_TCB
    rt_event.o(i.rt_evt_wait) refers to rt_task.o(i.rt_block) for rt_block
    rt_event.o(i.rt_evt_wait) refers to rt_task.o(.data) for os_tsk
    rt_list.o(i.rt_dec_dly) refers to rt_list.o(i.rt_put_prio) for rt_put_prio
    rt_list.o(i.rt_dec_dly) refers to rt_list.o(.bss) for .bss
    rt_list.o(i.rt_dec_dly) refers to rt_time.o(.data) for os_time
    rt_list.o(i.rt_get_same_rdy_prio) refers to rt_list.o(.bss) for .bss
    rt_list.o(i.rt_get_same_rdy_prio) refers to rt_task.o(.data) for os_tsk
    rt_list.o(i.rt_psq_enq) refers to rtx_conf_cm.o(.text) for os_error
    rt_list.o(i.rt_psq_enq) refers to rtx_conf_cm.o(.bss) for os_fifo
    rt_list.o(i.rt_put_dly) refers to rt_list.o(.bss) for .bss
    rt_list.o(i.rt_put_rdy_first) refers to rt_list.o(.bss) for .bss
    rt_list.o(i.rt_resort_prio) refers to rt_list.o(i.rt_rmv_list) for rt_rmv_list
    rt_list.o(i.rt_resort_prio) refers to rt_list.o(i.rt_put_prio) for rt_put_prio
    rt_list.o(i.rt_resort_prio) refers to rt_list.o(.bss) for .bss
    rt_list.o(i.rt_rmv_list) refers to rt_list.o(.bss) for .bss
    rt_mailbox.o(i.isr_mbx_receive) refers to rt_list.o(i.rt_psq_enq) for rt_psq_enq
    rt_mailbox.o(i.isr_mbx_receive) refers to rt_system.o(i.rt_psh_req) for rt_psh_req
    rt_mailbox.o(i.isr_mbx_send) refers to rt_list.o(i.rt_psq_enq) for rt_psq_enq
    rt_mailbox.o(i.isr_mbx_send) refers to rt_system.o(i.rt_psh_req) for rt_psh_req
    rt_mailbox.o(i.rt_mbx_psh) refers to rt_membox.o(i.rt_alloc_box) for rt_alloc_box
    rt_mailbox.o(i.rt_mbx_psh) refers to rt_list.o(i.rt_get_first) for rt_get_first
    rt_mailbox.o(i.rt_mbx_psh) refers to hal_cm.o(i.rt_ret_val) for rt_ret_val
    rt_mailbox.o(i.rt_mbx_psh) refers to rt_list.o(i.rt_rmv_dly) for rt_rmv_dly
    rt_mailbox.o(i.rt_mbx_psh) refers to rt_list.o(i.rt_put_prio) for rt_put_prio
    rt_mailbox.o(i.rt_mbx_psh) refers to hal_cm.o(i.rt_ret_val2) for rt_ret_val2
    rt_mailbox.o(i.rt_mbx_psh) refers to rtx_conf_cm.o(.text) for os_error
    rt_mailbox.o(i.rt_mbx_psh) refers to rt_list.o(.bss) for os_rdy
    rt_mailbox.o(i.rt_mbx_send) refers to rt_list.o(i.rt_put_prio) for rt_put_prio
    rt_mailbox.o(i.rt_mbx_send) refers to rt_list.o(i.rt_get_first) for rt_get_first
    rt_mailbox.o(i.rt_mbx_send) refers to hal_cm.o(i.rt_ret_val2) for rt_ret_val2
    rt_mailbox.o(i.rt_mbx_send) refers to rt_list.o(i.rt_rmv_dly) for rt_rmv_dly
    rt_mailbox.o(i.rt_mbx_send) refers to rt_task.o(i.rt_dispatch) for rt_dispatch
    rt_mailbox.o(i.rt_mbx_send) refers to rt_task.o(i.rt_block) for rt_block
    rt_mailbox.o(i.rt_mbx_send) refers to rt_task.o(.data) for os_tsk
    rt_mailbox.o(i.rt_mbx_wait) refers to rt_list.o(i.rt_get_first) for rt_get_first
    rt_mailbox.o(i.rt_mbx_wait) refers to hal_cm.o(i.rt_ret_val) for rt_ret_val
    rt_mailbox.o(i.rt_mbx_wait) refers to rt_list.o(i.rt_rmv_dly) for rt_rmv_dly
    rt_mailbox.o(i.rt_mbx_wait) refers to rt_task.o(i.rt_dispatch) for rt_dispatch
    rt_mailbox.o(i.rt_mbx_wait) refers to rt_list.o(i.rt_put_prio) for rt_put_prio
    rt_mailbox.o(i.rt_mbx_wait) refers to rt_task.o(i.rt_block) for rt_block
    rt_mailbox.o(i.rt_mbx_wait) refers to rt_task.o(.data) for os_tsk
    rt_semaphore.o(i.isr_sem_send) refers to rt_list.o(i.rt_psq_enq) for rt_psq_enq
    rt_semaphore.o(i.isr_sem_send) refers to rt_system.o(i.rt_psh_req) for rt_psh_req
    rt_semaphore.o(i.rt_sem_delete) refers to rt_list.o(i.rt_get_first) for rt_get_first
    rt_semaphore.o(i.rt_sem_delete) refers to hal_cm.o(i.rt_ret_val) for rt_ret_val
    rt_semaphore.o(i.rt_sem_delete) refers to rt_list.o(i.rt_rmv_dly) for rt_rmv_dly
    rt_semaphore.o(i.rt_sem_delete) refers to rt_list.o(i.rt_put_prio) for rt_put_prio
    rt_semaphore.o(i.rt_sem_delete) refers to rt_task.o(i.rt_dispatch) for rt_dispatch
    rt_semaphore.o(i.rt_sem_delete) refers to rt_list.o(.bss) for os_rdy
    rt_semaphore.o(i.rt_sem_delete) refers to rt_task.o(.data) for os_tsk
    rt_semaphore.o(i.rt_sem_psh) refers to rt_list.o(i.rt_get_first) for rt_get_first
    rt_semaphore.o(i.rt_sem_psh) refers to rt_list.o(i.rt_rmv_dly) for rt_rmv_dly
    rt_semaphore.o(i.rt_sem_psh) refers to hal_cm.o(i.rt_ret_val) for rt_ret_val
    rt_semaphore.o(i.rt_sem_psh) refers to rt_list.o(i.rt_put_prio) for rt_put_prio
    rt_semaphore.o(i.rt_sem_psh) refers to rt_list.o(.bss) for os_rdy
    rt_semaphore.o(i.rt_sem_send) refers to rt_list.o(i.rt_get_first) for rt_get_first
    rt_semaphore.o(i.rt_sem_send) refers to hal_cm.o(i.rt_ret_val) for rt_ret_val
    rt_semaphore.o(i.rt_sem_send) refers to rt_list.o(i.rt_rmv_dly) for rt_rmv_dly
    rt_semaphore.o(i.rt_sem_send) refers to rt_task.o(i.rt_dispatch) for rt_dispatch
    rt_semaphore.o(i.rt_sem_wait) refers to rt_list.o(i.rt_put_prio) for rt_put_prio
    rt_semaphore.o(i.rt_sem_wait) refers to rt_task.o(i.rt_block) for rt_block
    rt_semaphore.o(i.rt_sem_wait) refers to rt_task.o(.data) for os_tsk
    rt_mutex.o(i.rt_mut_delete) refers to rt_list.o(i.rt_resort_prio) for rt_resort_prio
    rt_mutex.o(i.rt_mut_delete) refers to rt_list.o(i.rt_get_first) for rt_get_first
    rt_mutex.o(i.rt_mut_delete) refers to hal_cm.o(i.rt_ret_val) for rt_ret_val
    rt_mutex.o(i.rt_mut_delete) refers to rt_list.o(i.rt_rmv_dly) for rt_rmv_dly
    rt_mutex.o(i.rt_mut_delete) refers to rt_list.o(i.rt_put_prio) for rt_put_prio
    rt_mutex.o(i.rt_mut_delete) refers to rt_task.o(i.rt_dispatch) for rt_dispatch
    rt_mutex.o(i.rt_mut_delete) refers to rt_task.o(.data) for os_tsk
    rt_mutex.o(i.rt_mut_delete) refers to rt_list.o(.bss) for os_rdy
    rt_mutex.o(i.rt_mut_release) refers to rt_list.o(i.rt_get_first) for rt_get_first
    rt_mutex.o(i.rt_mut_release) refers to hal_cm.o(i.rt_ret_val) for rt_ret_val
    rt_mutex.o(i.rt_mut_release) refers to rt_list.o(i.rt_rmv_dly) for rt_rmv_dly
    rt_mutex.o(i.rt_mut_release) refers to rt_list.o(i.rt_put_prio) for rt_put_prio
    rt_mutex.o(i.rt_mut_release) refers to rt_task.o(i.rt_dispatch) for rt_dispatch
    rt_mutex.o(i.rt_mut_release) refers to rt_task.o(.data) for os_tsk
    rt_mutex.o(i.rt_mut_release) refers to rt_list.o(.bss) for os_rdy
    rt_mutex.o(i.rt_mut_wait) refers to rt_list.o(i.rt_resort_prio) for rt_resort_prio
    rt_mutex.o(i.rt_mut_wait) refers to rt_list.o(i.rt_put_prio) for rt_put_prio
    rt_mutex.o(i.rt_mut_wait) refers to rt_task.o(i.rt_block) for rt_block
    rt_mutex.o(i.rt_mut_wait) refers to rt_task.o(.data) for os_tsk
    rt_membox.o(i._calloc_box) refers to hal_cm4.o(.emb_text) for _alloc_box
    hal_cm.o(i.dbg_init) refers to hal_cm.o(.data) for .data
    hal_cm.o(i.rt_init_stack) refers to rtx_conf_cm.o(.constdata) for os_stackinfo
    hal_cm.o(i.rt_ret_val) refers to hal_cm.o(i.rt_ret_regs) for rt_ret_regs
    hal_cm.o(i.rt_ret_val2) refers to hal_cm.o(i.rt_ret_regs) for rt_ret_regs
    rt_robin.o(i.rt_chk_robin) refers to rt_list.o(i.rt_get_first) for rt_get_first
    rt_robin.o(i.rt_chk_robin) refers to rt_list.o(i.rt_put_prio) for rt_put_prio
    rt_robin.o(i.rt_chk_robin) refers to rt_robin.o(.data) for .data
    rt_robin.o(i.rt_chk_robin) refers to rt_list.o(.bss) for os_rdy
    rt_robin.o(i.rt_chk_robin) refers to rt_time.o(.data) for os_time
    rt_robin.o(i.rt_init_robin) refers to rt_robin.o(.data) for .data
    rt_robin.o(i.rt_init_robin) refers to rtx_conf_cm.o(.constdata) for os_rrobin
    hal_cm4.o(.emb_text) refers to rtx_conf_cm.o(.constdata) for os_flags
    hal_cm4.o(.emb_text) refers to rt_membox.o(i.rt_alloc_box) for rt_alloc_box
    hal_cm4.o(.emb_text) refers to rt_membox.o(i.rt_free_box) for rt_free_box
    hal_cm4.o(.emb_text) refers to rt_system.o(i.rt_stk_check) for rt_stk_check
    hal_cm4.o(.emb_text) refers to rt_task.o(.data) for os_tsk
    hal_cm4.o(.emb_text) refers to svc_table.o(SVC_TABLE) for SVC_Count
    hal_cm4.o(.emb_text) refers to rt_system.o(i.rt_pop_req) for rt_pop_req
    hal_cm4.o(.emb_text) refers to rt_system.o(i.rt_systick) for rt_systick
    hal_cm4.o(.emb_text) refers to rt_system.o(i.os_tick_irqack) for os_tick_irqack
    entry.o(.ARM.Collect$$$$00000000) refers (Special) to entry10a.o(.ARM.Collect$$$$0000000D) for __rt_final_cpp
    entry.o(.ARM.Collect$$$$00000000) refers (Special) to entry11a.o(.ARM.Collect$$$$0000000F) for __rt_final_exit
    entry.o(.ARM.Collect$$$$00000000) refers (Special) to entry7b.o(.ARM.Collect$$$$00000008) for _main_clock
    entry.o(.ARM.Collect$$$$00000000) refers (Special) to entry8b.o(.ARM.Collect$$$$0000000A) for _main_cpp_init
    entry.o(.ARM.Collect$$$$00000000) refers (Special) to rtx_conf_cm.o(.ARM.Collect$$$$000000FF) for _main_init
    entry.o(.ARM.Collect$$$$00000000) refers (Special) to entry5.o(.ARM.Collect$$$$00000004) for _main_scatterload
    entry.o(.ARM.Collect$$$$00000000) refers (Special) to entry2.o(.ARM.Collect$$$$00000001) for _main_stk
    uldiv.o(.text) refers to llushr.o(.text) for __aeabi_llsr
    uldiv.o(.text) refers to llshl.o(.text) for __aeabi_llsl
    entry2.o(.ARM.Collect$$$$00000001) refers to entry2.o(.ARM.Collect$$$$00002712) for __lit__00000000
    entry2.o(.ARM.Collect$$$$00002712) refers to startup_stm32f407xx.o(STACK) for __initial_sp
    entry2.o(__vectab_stack_and_reset_area) refers to startup_stm32f407xx.o(STACK) for __initial_sp
    entry2.o(__vectab_stack_and_reset_area) refers to entry.o(.ARM.Collect$$$$00000000) for __main
    entry5.o(.ARM.Collect$$$$00000004) refers to init.o(.text) for __scatterload
    init.o(.text) refers to entry5.o(.ARM.Collect$$$$00000004) for __main_after_scatterload


==============================================================================

Removing Unused input sections from the image.

    Removing blinky.o(.rev16_text), (4 bytes).
    Removing blinky.o(.revsh_text), (4 bytes).
    Removing blinky.o(.rrx_text), (6 bytes).
    Removing buttons_f4discovery.o(.rev16_text), (4 bytes).
    Removing buttons_f4discovery.o(.revsh_text), (4 bytes).
    Removing buttons_f4discovery.o(.rrx_text), (6 bytes).
    Removing led_f4discovery.o(.rev16_text), (4 bytes).
    Removing led_f4discovery.o(.revsh_text), (4 bytes).
    Removing led_f4discovery.o(.rrx_text), (6 bytes).
    Removing stm32f4xx_hal.o(.rev16_text), (4 bytes).
    Removing stm32f4xx_hal.o(.revsh_text), (4 bytes).
    Removing stm32f4xx_hal.o(.rrx_text), (6 bytes).
    Removing stm32f4xx_hal_cortex.o(.rev16_text), (4 bytes).
    Removing stm32f4xx_hal_cortex.o(.revsh_text), (4 bytes).
    Removing stm32f4xx_hal_cortex.o(.rrx_text), (6 bytes).
    Removing stm32f4xx_hal_gpio.o(.rev16_text), (4 bytes).
    Removing stm32f4xx_hal_gpio.o(.revsh_text), (4 bytes).
    Removing stm32f4xx_hal_gpio.o(.rrx_text), (6 bytes).
    Removing stm32f4xx_hal_pwr.o(.rev16_text), (4 bytes).
    Removing stm32f4xx_hal_pwr.o(.revsh_text), (4 bytes).
    Removing stm32f4xx_hal_pwr.o(.rrx_text), (6 bytes).
    Removing stm32f4xx_hal_pwr.o(.text), (524 bytes).
    Removing stm32f4xx_hal_pwr_ex.o(.rev16_text), (4 bytes).
    Removing stm32f4xx_hal_pwr_ex.o(.revsh_text), (4 bytes).
    Removing stm32f4xx_hal_pwr_ex.o(.rrx_text), (6 bytes).
    Removing stm32f4xx_hal_pwr_ex.o(.text), (312 bytes).
    Removing stm32f4xx_hal_rcc.o(.rev16_text), (4 bytes).
    Removing stm32f4xx_hal_rcc.o(.revsh_text), (4 bytes).
    Removing stm32f4xx_hal_rcc.o(.rrx_text), (6 bytes).
    Removing stm32f4xx_hal_rcc_ex.o(.rev16_text), (4 bytes).
    Removing stm32f4xx_hal_rcc_ex.o(.revsh_text), (4 bytes).
    Removing stm32f4xx_hal_rcc_ex.o(.rrx_text), (6 bytes).
    Removing stm32f4xx_hal_rcc_ex.o(.text), (636 bytes).
    Removing startup_stm32f407xx.o(HEAP), (512 bytes).
    Removing system_stm32f4xx.o(.rev16_text), (4 bytes).
    Removing system_stm32f4xx.o(.revsh_text), (4 bytes).
    Removing system_stm32f4xx.o(.rrx_text), (6 bytes).
    Removing rt_cmsis.o(.rev16_text), (4 bytes).
    Removing rt_cmsis.o(.revsh_text), (4 bytes).
    Removing rt_cmsis.o(.rrx_text), (6 bytes).
    Removing rt_cmsis.o(i.isrSignalSet), (36 bytes).
    Removing rt_cmsis.o(i.osKernelRunning), (36 bytes).
    Removing rt_cmsis.o(i.osKernelSysTick), (24 bytes).
    Removing rt_cmsis.o(i.osMailAlloc), (28 bytes).
    Removing rt_cmsis.o(i.osMailCAlloc), (48 bytes).
    Removing rt_cmsis.o(i.osMailCreate), (44 bytes).
    Removing rt_cmsis.o(i.osMailFree), (28 bytes).
    Removing rt_cmsis.o(i.osMailGet), (22 bytes).
    Removing rt_cmsis.o(i.osMailPut), (20 bytes).
    Removing rt_cmsis.o(i.osMessageCreate), (44 bytes).
    Removing rt_cmsis.o(i.osMessagePut), (24 bytes).
    Removing rt_cmsis.o(i.osMutexCreate), (44 bytes).
    Removing rt_cmsis.o(i.osMutexDelete), (24 bytes).
    Removing rt_cmsis.o(i.osMutexRelease), (24 bytes).
    Removing rt_cmsis.o(i.osMutexWait), (24 bytes).
    Removing rt_cmsis.o(i.osPoolAlloc), (32 bytes).
    Removing rt_cmsis.o(i.osPoolCAlloc), (52 bytes).
    Removing rt_cmsis.o(i.osPoolCreate), (44 bytes).
    Removing rt_cmsis.o(i.osPoolFree), (32 bytes).
    Removing rt_cmsis.o(i.osSemaphoreDelete), (24 bytes).
    Removing rt_cmsis.o(i.osSignalClear), (24 bytes).
    Removing rt_cmsis.o(i.osSignalSet), (24 bytes).
    Removing rt_cmsis.o(i.osSignalWait), (24 bytes).
    Removing rt_cmsis.o(i.osThreadGetId), (24 bytes).
    Removing rt_cmsis.o(i.osThreadGetPriority), (24 bytes).
    Removing rt_cmsis.o(i.osThreadSetPriority), (24 bytes).
    Removing rt_cmsis.o(i.osThreadTerminate), (24 bytes).
    Removing rt_cmsis.o(i.osThreadYield), (24 bytes).
    Removing rt_cmsis.o(i.osTimerCreate), (44 bytes).
    Removing rt_cmsis.o(i.osTimerDelete), (24 bytes).
    Removing rt_cmsis.o(i.osTimerStart), (24 bytes).
    Removing rt_cmsis.o(i.osTimerStop), (24 bytes).
    Removing rt_cmsis.o(i.osWait), (4 bytes).
    Removing rt_cmsis.o(i.os_resume), (12 bytes).
    Removing rt_cmsis.o(i.os_suspend), (12 bytes).
    Removing rt_cmsis.o(i.rt_clr_box), (24 bytes).
    Removing rt_cmsis.o(i.rt_timer_remove), (60 bytes).
    Removing rt_cmsis.o(i.svcKernelRunning), (12 bytes).
    Removing rt_cmsis.o(i.svcKernelSysTick), (56 bytes).
    Removing rt_cmsis.o(i.svcMailCreate), (66 bytes).
    Removing rt_cmsis.o(i.svcMessagePut), (54 bytes).
    Removing rt_cmsis.o(i.svcMutexCreate), (28 bytes).
    Removing rt_cmsis.o(i.svcMutexDelete), (26 bytes).
    Removing rt_cmsis.o(i.svcMutexRelease), (34 bytes).
    Removing rt_cmsis.o(i.svcMutexWait), (58 bytes).
    Removing rt_cmsis.o(i.svcPoolCreate), (40 bytes).
    Removing rt_cmsis.o(i.svcSemaphoreDelete), (26 bytes).
    Removing rt_cmsis.o(i.svcSignalClear), (36 bytes).
    Removing rt_cmsis.o(i.svcSignalSet), (36 bytes).
    Removing rt_cmsis.o(i.svcSignalWait), (84 bytes).
    Removing rt_cmsis.o(i.svcThreadGetPriority), (18 bytes).
    Removing rt_cmsis.o(i.svcThreadSetPriority), (46 bytes).
    Removing rt_cmsis.o(i.svcThreadYield), (10 bytes).
    Removing rt_cmsis.o(i.svcTimerCreate), (56 bytes).
    Removing rt_cmsis.o(i.svcTimerDelete), (40 bytes).
    Removing rt_cmsis.o(i.svcTimerStart), (100 bytes).
    Removing rt_cmsis.o(i.svcTimerStop), (36 bytes).
    Removing rt_cmsis.o(i.sysMailAlloc), (88 bytes).
    Removing rt_cmsis.o(i.sysMailFree), (96 bytes).
    Removing rt_cmsis.o(i.sysPoolAlloc), (10 bytes).
    Removing rt_cmsis.o(i.sysPoolFree), (20 bytes).
    Removing rt_cmsis.o(i.sysUserTimerUpdate), (48 bytes).
    Removing rt_cmsis.o(i.sysUserTimerWakeupTime), (20 bytes).
    Removing rt_time.o(i.rt_itv_set), (24 bytes).
    Removing rt_time.o(i.rt_itv_wait), (40 bytes).
    Removing rt_time.o(i.rt_time_get), (12 bytes).
    Removing rt_task.o(i.rt_tsk_pass), (48 bytes).
    Removing rt_system.o(.emb_text), (0 bytes).
    Removing rt_system.o(i.os_tick_ovf), (16 bytes).
    Removing rt_system.o(i.os_tick_val), (20 bytes).
    Removing rt_system.o(i.rt_resume), (136 bytes).
    Removing rt_system.o(i.rt_suspend), (36 bytes).
    Removing rt_system.o(i.rt_tsk_lock), (80 bytes).
    Removing rt_system.o(i.rt_tsk_unlock), (80 bytes).
    Removing rt_event.o(i.isr_evt_set), (40 bytes).
    Removing rt_event.o(i.rt_evt_clr), (28 bytes).
    Removing rt_event.o(i.rt_evt_get), (12 bytes).
    Removing rt_event.o(i.rt_evt_set), (92 bytes).
    Removing rt_event.o(i.rt_evt_wait), (60 bytes).
    Removing rt_list.o(i.rt_get_same_rdy_prio), (36 bytes).
    Removing rt_mailbox.o(i.rt_mbx_send), (152 bytes).
    Removing rt_semaphore.o(i.rt_sem_delete), (92 bytes).
    Removing rt_mutex.o(i.rt_mut_delete), (176 bytes).
    Removing rt_mutex.o(i.rt_mut_init), (16 bytes).
    Removing rt_mutex.o(i.rt_mut_release), (216 bytes).
    Removing rt_mutex.o(i.rt_mut_wait), (120 bytes).
    Removing rt_membox.o(i._calloc_box), (30 bytes).

127 unused section(s) (total 5932 bytes) removed from the image.

==============================================================================

Image Symbol Table

    Local Symbols

    Symbol Name                              Value     Ov Type        Size  Object(Section)

    ../clib/microlib/division.c              0x00000000   Number         0  uldiv.o ABSOLUTE
    ../clib/microlib/init/entry.s            0x00000000   Number         0  entry.o ABSOLUTE
    ../clib/microlib/init/entry.s            0x00000000   Number         0  entry2.o ABSOLUTE
    ../clib/microlib/init/entry.s            0x00000000   Number         0  entry5.o ABSOLUTE
    ../clib/microlib/init/entry.s            0x00000000   Number         0  entry7a.o ABSOLUTE
    ../clib/microlib/init/entry.s            0x00000000   Number         0  entry7b.o ABSOLUTE
    ../clib/microlib/init/entry.s            0x00000000   Number         0  entry8a.o ABSOLUTE
    ../clib/microlib/init/entry.s            0x00000000   Number         0  entry8b.o ABSOLUTE
    ../clib/microlib/init/entry.s            0x00000000   Number         0  entry10a.o ABSOLUTE
    ../clib/microlib/init/entry.s            0x00000000   Number         0  entry10b.o ABSOLUTE
    ../clib/microlib/init/entry.s            0x00000000   Number         0  entry11a.o ABSOLUTE
    ../clib/microlib/init/entry.s            0x00000000   Number         0  entry11b.o ABSOLUTE
    ../clib/microlib/longlong.c              0x00000000   Number         0  llshl.o ABSOLUTE
    ../clib/microlib/longlong.c              0x00000000   Number         0  llushr.o ABSOLUTE
    ..\HAL_CM.c                              0x00000000   Number         0  hal_cm.o ABSOLUTE
    ..\\rt_CMSIS.c                           0x00000000   Number         0  rt_cmsis.o ABSOLUTE
    ..\\rt_System.c                          0x00000000   Number         0  rt_system.o ABSOLUTE
    ..\rt_CMSIS.c                            0x00000000   Number         0  rt_cmsis.o ABSOLUTE
    ..\rt_Event.c                            0x00000000   Number         0  rt_event.o ABSOLUTE
    ..\rt_List.c                             0x00000000   Number         0  rt_list.o ABSOLUTE
    ..\rt_Mailbox.c                          0x00000000   Number         0  rt_mailbox.o ABSOLUTE
    ..\rt_MemBox.c                           0x00000000   Number         0  rt_membox.o ABSOLUTE
    ..\rt_Memory.c                           0x00000000   Number         0  rt_memory.o ABSOLUTE
    ..\rt_Mutex.c                            0x00000000   Number         0  rt_mutex.o ABSOLUTE
    ..\rt_Robin.c                            0x00000000   Number         0  rt_robin.o ABSOLUTE
    ..\rt_Semaphore.c                        0x00000000   Number         0  rt_semaphore.o ABSOLUTE
    ..\rt_System.c                           0x00000000   Number         0  rt_system.o ABSOLUTE
    ..\rt_Task.c                             0x00000000   Number         0  rt_task.o ABSOLUTE
    ..\rt_Time.c                             0x00000000   Number         0  rt_time.o ABSOLUTE
    Blinky.c                                 0x00000000   Number         0  blinky.o ABSOLUTE
    Blinky.c                                 0x00000000   Number         0  blinky.o ABSOLUTE
    C:\Keil_v5\ARM\PACK\Keil\STM32F4xx_DFP\2.11.0\Drivers\STM32F4xx_HAL_Driver\Src\stm32f4xx_hal.c 0x00000000   Number         0  stm32f4xx_hal.o ABSOLUTE
    C:\Keil_v5\ARM\PACK\Keil\STM32F4xx_DFP\2.11.0\Drivers\STM32F4xx_HAL_Driver\Src\stm32f4xx_hal_cortex.c 0x00000000   Number         0  stm32f4xx_hal_cortex.o ABSOLUTE
    C:\Keil_v5\ARM\PACK\Keil\STM32F4xx_DFP\2.11.0\Drivers\STM32F4xx_HAL_Driver\Src\stm32f4xx_hal_gpio.c 0x00000000   Number         0  stm32f4xx_hal_gpio.o ABSOLUTE
    C:\Keil_v5\ARM\PACK\Keil\STM32F4xx_DFP\2.11.0\Drivers\STM32F4xx_HAL_Driver\Src\stm32f4xx_hal_pwr.c 0x00000000   Number         0  stm32f4xx_hal_pwr.o ABSOLUTE
    C:\Keil_v5\ARM\PACK\Keil\STM32F4xx_DFP\2.11.0\Drivers\STM32F4xx_HAL_Driver\Src\stm32f4xx_hal_pwr_ex.c 0x00000000   Number         0  stm32f4xx_hal_pwr_ex.o ABSOLUTE
    C:\Keil_v5\ARM\PACK\Keil\STM32F4xx_DFP\2.11.0\Drivers\STM32F4xx_HAL_Driver\Src\stm32f4xx_hal_rcc.c 0x00000000   Number         0  stm32f4xx_hal_rcc.o ABSOLUTE
    C:\Keil_v5\ARM\PACK\Keil\STM32F4xx_DFP\2.11.0\Drivers\STM32F4xx_HAL_Driver\Src\stm32f4xx_hal_rcc_ex.c 0x00000000   Number         0  stm32f4xx_hal_rcc_ex.o ABSOLUTE
    C:\Keil_v5\ARM\PACK\Keil\STM32F4xx_DFP\2.11.0\MDK\Boards\ST\STM32F4-Discovery\Common\Buttons_F4Discovery.c 0x00000000   Number         0  buttons_f4discovery.o ABSOLUTE
    C:\Keil_v5\ARM\PACK\Keil\STM32F4xx_DFP\2.11.0\MDK\Boards\ST\STM32F4-Discovery\Common\LED_F4Discovery.c 0x00000000   Number         0  led_f4discovery.o ABSOLUTE
    C:\\Keil_v5\\ARM\\PACK\\Keil\\STM32F4xx_DFP\\2.11.0\\Drivers\\STM32F4xx_HAL_Driver\\Src\\stm32f4xx_hal.c 0x00000000   Number         0  stm32f4xx_hal.o ABSOLUTE
    C:\\Keil_v5\\ARM\\PACK\\Keil\\STM32F4xx_DFP\\2.11.0\\Drivers\\STM32F4xx_HAL_Driver\\Src\\stm32f4xx_hal_cortex.c 0x00000000   Number         0  stm32f4xx_hal_cortex.o ABSOLUTE
    C:\\Keil_v5\\ARM\\PACK\\Keil\\STM32F4xx_DFP\\2.11.0\\Drivers\\STM32F4xx_HAL_Driver\\Src\\stm32f4xx_hal_gpio.c 0x00000000   Number         0  stm32f4xx_hal_gpio.o ABSOLUTE
    C:\\Keil_v5\\ARM\\PACK\\Keil\\STM32F4xx_DFP\\2.11.0\\Drivers\\STM32F4xx_HAL_Driver\\Src\\stm32f4xx_hal_pwr.c 0x00000000   Number         0  stm32f4xx_hal_pwr.o ABSOLUTE
    C:\\Keil_v5\\ARM\\PACK\\Keil\\STM32F4xx_DFP\\2.11.0\\Drivers\\STM32F4xx_HAL_Driver\\Src\\stm32f4xx_hal_pwr_ex.c 0x00000000   Number         0  stm32f4xx_hal_pwr_ex.o ABSOLUTE
    C:\\Keil_v5\\ARM\\PACK\\Keil\\STM32F4xx_DFP\\2.11.0\\Drivers\\STM32F4xx_HAL_Driver\\Src\\stm32f4xx_hal_rcc.c 0x00000000   Number         0  stm32f4xx_hal_rcc.o ABSOLUTE
    C:\\Keil_v5\\ARM\\PACK\\Keil\\STM32F4xx_DFP\\2.11.0\\Drivers\\STM32F4xx_HAL_Driver\\Src\\stm32f4xx_hal_rcc_ex.c 0x00000000   Number         0  stm32f4xx_hal_rcc_ex.o ABSOLUTE
    C:\\Keil_v5\\ARM\\PACK\\Keil\\STM32F4xx_DFP\\2.11.0\\MDK\\Boards\\ST\\STM32F4-Discovery\\Common\\Buttons_F4Discovery.c 0x00000000   Number         0  buttons_f4discovery.o ABSOLUTE
    C:\\Keil_v5\\ARM\\PACK\\Keil\\STM32F4xx_DFP\\2.11.0\\MDK\\Boards\\ST\\STM32F4-Discovery\\Common\\LED_F4Discovery.c 0x00000000   Number         0  led_f4discovery.o ABSOLUTE
    HAL_CM4.c                                0x00000000   Number         0  hal_cm4.o ABSOLUTE
    HAL_CM4.c                                0x00000000   Number         0  hal_cm4.o ABSOLUTE
    RTE\CMSIS\RTX_Conf_CM.c                  0x00000000   Number         0  rtx_conf_cm.o ABSOLUTE
    RTE\Device\STM32F407VGTx\startup_stm32f407xx.s 0x00000000   Number         0  startup_stm32f407xx.o ABSOLUTE
    RTE\Device\STM32F407VGTx\system_stm32f4xx.c 0x00000000   Number         0  system_stm32f4xx.o ABSOLUTE
    RTE\\Device\\STM32F407VGTx\\system_stm32f4xx.c 0x00000000   Number         0  system_stm32f4xx.o ABSOLUTE
    SVC_Table.s                              0x00000000   Number         0  svc_table.o ABSOLUTE
    Thread_LED.c                             0x00000000   Number         0  thread_led.o ABSOLUTE
    dc.s                                     0x00000000   Number         0  dc.o ABSOLUTE
    handlers.s                               0x00000000   Number         0  handlers.o ABSOLUTE
    init.s                                   0x00000000   Number         0  init.o ABSOLUTE
    RESET                                    0x08000000   Section      392  startup_stm32f407xx.o(RESET)
    .ARM.Collect$$$$00000000                 0x08000188   Section        0  entry.o(.ARM.Collect$$$$00000000)
    .ARM.Collect$$$$00000001                 0x08000188   Section        4  entry2.o(.ARM.Collect$$$$00000001)
    .ARM.Collect$$$$00000004                 0x0800018c   Section        4  entry5.o(.ARM.Collect$$$$00000004)
    .ARM.Collect$$$$00000008                 0x08000190   Section        0  entry7b.o(.ARM.Collect$$$$00000008)
    .ARM.Collect$$$$0000000A                 0x08000190   Section        0  entry8b.o(.ARM.Collect$$$$0000000A)
    .ARM.Collect$$$$0000000D                 0x08000190   Section        0  entry10a.o(.ARM.Collect$$$$0000000D)
    .ARM.Collect$$$$0000000F                 0x08000190   Section        0  entry11a.o(.ARM.Collect$$$$0000000F)
    .ARM.Collect$$$$000000FF                 0x08000190   Section        0  rtx_conf_cm.o(.ARM.Collect$$$$000000FF)
    .ARM.Collect$$$$00002712                 0x080001a8   Section        4  entry2.o(.ARM.Collect$$$$00002712)
    __lit__00000000                          0x080001a8   Data           4  entry2.o(.ARM.Collect$$$$00002712)
    .emb_text                                0x080001ac   Section      408  hal_cm4.o(.emb_text)
    $v0                                      0x080001ac   Number         0  hal_cm4.o(.emb_text)
    .text                                    0x08000344   Section        0  blinky.o(.text)
    .text                                    0x08000408   Section        0  thread_led.o(.text)
    .text                                    0x080004ac   Section        0  buttons_f4discovery.o(.text)
    .text                                    0x0800051c   Section        0  led_f4discovery.o(.text)
    .text                                    0x080005e0   Section        0  rtx_conf_cm.o(.text)
    .text                                    0x08000608   Section        0  stm32f4xx_hal.o(.text)
    .text                                    0x080007a8   Section        0  stm32f4xx_hal_cortex.o(.text)
    __NVIC_SetPriority                       0x080007a9   Thumb Code    32  stm32f4xx_hal_cortex.o(.text)
    __NVIC_GetPriorityGrouping               0x08000af3   Thumb Code    12  stm32f4xx_hal_cortex.o(.text)
    .text                                    0x08000b14   Section        0  stm32f4xx_hal_gpio.o(.text)
    .text                                    0x08000ec0   Section        0  stm32f4xx_hal_rcc.o(.text)
    .text                                    0x0800184c   Section       36  startup_stm32f407xx.o(.text)
    $v0                                      0x0800184c   Number         0  startup_stm32f407xx.o(.text)
    .text                                    0x08001870   Section        0  system_stm32f4xx.o(.text)
    .text                                    0x08001990   Section       36  init.o(.text)
    SVC_TABLE                                0x080019b4   Section        4  svc_table.o(SVC_TABLE)
    i.__scatterload_copy                     0x080019b8   Section       14  handlers.o(i.__scatterload_copy)
    i.__scatterload_null                     0x080019c6   Section        2  handlers.o(i.__scatterload_null)
    i.__scatterload_zeroinit                 0x080019c8   Section       14  handlers.o(i.__scatterload_zeroinit)
    i._init_box                              0x080019d6   Section        0  rt_membox.o(i._init_box)
    i.dbg_init                               0x08001a1c   Section        0  hal_cm.o(i.dbg_init)
    i.dbg_task_notify                        0x08001a4c   Section        0  hal_cm.o(i.dbg_task_notify)
    i.dbg_task_switch                        0x08001a6c   Section        0  hal_cm.o(i.dbg_task_switch)
    i.isrMessageGet                          0x08001a7c   Section        0  rt_cmsis.o(i.isrMessageGet)
    i.isrMessagePut                          0x08001aa6   Section        0  rt_cmsis.o(i.isrMessagePut)
    i.isrSemaphoreRelease                    0x08001ad2   Section        0  rt_cmsis.o(i.isrSemaphoreRelease)
    i.isr_mbx_receive                        0x08001afc   Section        0  rt_mailbox.o(i.isr_mbx_receive)
    i.isr_mbx_send                           0x08001b52   Section        0  rt_mailbox.o(i.isr_mbx_send)
    i.isr_sem_send                           0x08001b60   Section        0  rt_semaphore.o(i.isr_sem_send)
    i.osDelay                                0x08001b70   Section        0  rt_cmsis.o(i.osDelay)
    i.osKernelInitialize                     0x08001b88   Section        0  rt_cmsis.o(i.osKernelInitialize)
    i.osKernelStart                          0x08001bac   Section        0  rt_cmsis.o(i.osKernelStart)
    i.osMessageGet                           0x08001c18   Section        0  rt_cmsis.o(i.osMessageGet)
    i.osSemaphoreCreate                      0x08001c30   Section        0  rt_cmsis.o(i.osSemaphoreCreate)
    i.osSemaphoreRelease                     0x08001c5c   Section        0  rt_cmsis.o(i.osSemaphoreRelease)
    i.osSemaphoreWait                        0x08001c74   Section        0  rt_cmsis.o(i.osSemaphoreWait)
    i.osThreadCreate                         0x08001c8c   Section        0  rt_cmsis.o(i.osThreadCreate)
    i.osThreadExit                           0x08001cb8   Section        0  rt_cmsis.o(i.osThreadExit)
    i.osTimerCall                            0x08001cd0   Section        0  rt_cmsis.o(i.osTimerCall)
    i.osTimerThread                          0x08001cdc   Section        0  rt_cmsis.o(i.osTimerThread)
    i.os_tick_init                           0x08001d08   Section        0  rt_system.o(i.os_tick_init)
    i.os_tick_irqack                         0x08001d30   Section        0  rt_system.o(i.os_tick_irqack)
    i.rt_alloc_box                           0x08001d32   Section        0  rt_membox.o(i.rt_alloc_box)
    i.rt_alloc_mem                           0x08001d4c   Section        0  rt_memory.o(i.rt_alloc_mem)
    i.rt_block                               0x08001d8c   Section        0  rt_task.o(i.rt_block)
    i.rt_chk_robin                           0x08001dc4   Section        0  rt_robin.o(i.rt_chk_robin)
    i.rt_dec_dly                             0x08001e0c   Section        0  rt_list.o(i.rt_dec_dly)
    i.rt_dispatch                            0x08001e7c   Section        0  rt_task.o(i.rt_dispatch)
    i.rt_dly_wait                            0x08001ec0   Section        0  rt_time.o(i.rt_dly_wait)
    i.rt_evt_psh                             0x08001ec8   Section        0  rt_event.o(i.rt_evt_psh)
    i.rt_free_box                            0x08001f18   Section        0  rt_membox.o(i.rt_free_box)
    i.rt_free_mem                            0x08001f44   Section        0  rt_memory.o(i.rt_free_mem)
    i.rt_get_first                           0x08001f6c   Section        0  rt_list.o(i.rt_get_first)
    i.rt_id2obj                              0x08001f94   Section        0  rt_cmsis.o(i.rt_id2obj)
    rt_id2obj                                0x08001f95   Thumb Code     8  rt_cmsis.o(i.rt_id2obj)
    i.rt_init_context                        0x08001f9c   Section        0  rt_task.o(i.rt_init_context)
    rt_init_context                          0x08001f9d   Thumb Code    66  rt_task.o(i.rt_init_context)
    i.rt_init_mem                            0x08001fe4   Section        0  rt_memory.o(i.rt_init_mem)
    i.rt_init_robin                          0x08002000   Section        0  rt_robin.o(i.rt_init_robin)
    i.rt_init_stack                          0x08002018   Section        0  hal_cm.o(i.rt_init_stack)
    i.rt_mbx_check                           0x08002098   Section        0  rt_mailbox.o(i.rt_mbx_check)
    i.rt_mbx_init                            0x080020a0   Section        0  rt_mailbox.o(i.rt_mbx_init)
    i.rt_mbx_psh                             0x080020bc   Section        0  rt_mailbox.o(i.rt_mbx_psh)
    i.rt_mbx_wait                            0x080021ac   Section        0  rt_mailbox.o(i.rt_mbx_wait)
    i.rt_ms2tick                             0x08002260   Section        0  rt_cmsis.o(i.rt_ms2tick)
    rt_ms2tick                               0x08002261   Thumb Code    58  rt_cmsis.o(i.rt_ms2tick)
    i.rt_pop_req                             0x080022a4   Section        0  rt_system.o(i.rt_pop_req)
    i.rt_psh_req                             0x08002320   Section        0  rt_system.o(i.rt_psh_req)
    i.rt_psq_enq                             0x08002340   Section        0  rt_list.o(i.rt_psq_enq)
    i.rt_put_dly                             0x0800239c   Section        0  rt_list.o(i.rt_put_dly)
    i.rt_put_prio                            0x080023e4   Section        0  rt_list.o(i.rt_put_prio)
    i.rt_put_rdy_first                       0x0800241c   Section        0  rt_list.o(i.rt_put_rdy_first)
    i.rt_resort_prio                         0x08002430   Section        0  rt_list.o(i.rt_resort_prio)
    i.rt_ret_regs                            0x08002464   Section        0  hal_cm.o(i.rt_ret_regs)
    rt_ret_regs                              0x08002465   Thumb Code    16  hal_cm.o(i.rt_ret_regs)
    i.rt_ret_val                             0x08002474   Section        0  hal_cm.o(i.rt_ret_val)
    i.rt_ret_val2                            0x08002480   Section        0  hal_cm.o(i.rt_ret_val2)
    i.rt_rmv_dly                             0x08002490   Section        0  rt_list.o(i.rt_rmv_dly)
    i.rt_rmv_list                            0x080024b8   Section        0  rt_list.o(i.rt_rmv_list)
    i.rt_sem_init                            0x080024e8   Section        0  rt_semaphore.o(i.rt_sem_init)
    i.rt_sem_psh                             0x080024f4   Section        0  rt_semaphore.o(i.rt_sem_psh)
    i.rt_sem_send                            0x08002528   Section        0  rt_semaphore.o(i.rt_sem_send)
    i.rt_sem_wait                            0x08002554   Section        0  rt_semaphore.o(i.rt_sem_wait)
    i.rt_stk_check                           0x08002594   Section        0  rt_system.o(i.rt_stk_check)
    i.rt_switch_req                          0x080025b8   Section        0  rt_task.o(i.rt_switch_req)
    i.rt_sys_init                            0x080025e0   Section        0  rt_task.o(i.rt_sys_init)
    i.rt_sys_start                           0x080026ac   Section        0  rt_task.o(i.rt_sys_start)
    i.rt_systick                             0x08002724   Section        0  rt_system.o(i.rt_systick)
    i.rt_tid2ptcb                            0x08002764   Section        0  rt_cmsis.o(i.rt_tid2ptcb)
    rt_tid2ptcb                              0x08002765   Thumb Code    18  rt_cmsis.o(i.rt_tid2ptcb)
    i.rt_timer_insert                        0x08002778   Section        0  rt_cmsis.o(i.rt_timer_insert)
    rt_timer_insert                          0x08002779   Thumb Code    48  rt_cmsis.o(i.rt_timer_insert)
    i.rt_tsk_create                          0x080027ac   Section        0  rt_task.o(i.rt_tsk_create)
    i.rt_tsk_delete                          0x08002834   Section        0  rt_task.o(i.rt_tsk_delete)
    i.rt_tsk_prio                            0x080029b0   Section        0  rt_task.o(i.rt_tsk_prio)
    i.rt_tsk_self                            0x08002a2c   Section        0  rt_task.o(i.rt_tsk_self)
    i.svcDelay                               0x08002a3c   Section        0  rt_cmsis.o(i.svcDelay)
    i.svcKernelInitialize                    0x08002a50   Section        0  rt_cmsis.o(i.svcKernelInitialize)
    i.svcKernelStart                         0x08002ac0   Section        0  rt_cmsis.o(i.svcKernelStart)
    i.svcMessageCreate                       0x08002b08   Section        0  rt_cmsis.o(i.svcMessageCreate)
    i.svcMessageGet                          0x08002b2c   Section        0  rt_cmsis.o(i.svcMessageGet)
    i.svcSemaphoreCreate                     0x08002b66   Section        0  rt_cmsis.o(i.svcSemaphoreCreate)
    i.svcSemaphoreRelease                    0x08002b8a   Section        0  rt_cmsis.o(i.svcSemaphoreRelease)
    i.svcSemaphoreWait                       0x08002bb2   Section        0  rt_cmsis.o(i.svcSemaphoreWait)
    i.svcThreadCreate                        0x08002be4   Section        0  rt_cmsis.o(i.svcThreadCreate)
    i.svcThreadGetId                         0x08002c50   Section        0  rt_cmsis.o(i.svcThreadGetId)
    i.svcThreadTerminate                     0x08002c6c   Section        0  rt_cmsis.o(i.svcThreadTerminate)
    i.svcTimerCall                           0x08002ca4   Section        0  rt_cmsis.o(i.svcTimerCall)
    i.sysTimerTick                           0x08002cbc   Section        0  rt_cmsis.o(i.sysTimerTick)
    .constdata                               0x08002d18   Section       36  thread_led.o(.constdata)
    .constdata                               0x08002d3c   Section       32  led_f4discovery.o(.constdata)
    LED_PIN                                  0x08002d3c   Data          32  led_f4discovery.o(.constdata)
    .constdata                               0x08002d5c   Section      104  rtx_conf_cm.o(.constdata)
    __tagsym$$used                           0x08002d78   Number         0  rtx_conf_cm.o(.constdata)
    __tagsym$$used                           0x08002d7c   Number         0  rtx_conf_cm.o(.constdata)
    __tagsym$$used                           0x08002d80   Number         0  rtx_conf_cm.o(.constdata)
    __tagsym$$used                           0x08002d84   Number         0  rtx_conf_cm.o(.constdata)
    .constdata                               0x08002dc4   Section       16  stm32f4xx_hal_rcc.o(.constdata)
    .constdata                               0x08002dd4   Section       24  system_stm32f4xx.o(.constdata)
    .data                                    0x20000000   Section       20  thread_led.o(.data)
    .data                                    0x20000014   Section       16  rtx_conf_cm.o(.data)
    .data                                    0x20000024   Section        4  stm32f4xx_hal.o(.data)
    .data                                    0x20000028   Section        4  system_stm32f4xx.o(.data)
    .data                                    0x2000002c   Section        8  rt_cmsis.o(.data)
    .data                                    0x20000034   Section        4  rt_time.o(.data)
    .data                                    0x20000038   Section        8  rt_task.o(.data)
    .data                                    0x20000040   Section        8  rt_system.o(.data)
    os_lock                                  0x20000040   Data           1  rt_system.o(.data)
    os_psh_flag                              0x20000041   Data           1  rt_system.o(.data)
    pend_flags                               0x20000042   Data           1  rt_system.o(.data)
    .data                                    0x20000048   Section        1  hal_cm.o(.data)
    .data                                    0x2000004c   Section        8  rt_robin.o(.data)
    .bss                                     0x20000058   Section     2216  rtx_conf_cm.o(.bss)
    .bss                                     0x20000900   Section       52  rt_task.o(.bss)
    .bss                                     0x20000934   Section       48  rt_list.o(.bss)
    STACK                                    0x20000968   Section     1024  startup_stm32f407xx.o(STACK)

    Global Symbols

    Symbol Name                              Value     Ov Type        Size  Object(Section)

    BuildAttributes$$THM_ISAv4$E$P$D$K$B$S$7EM$VFPi3$EXTD16$VFPS$VFMA$PE$A:L22UL41UL21$X:L11$S22US41US21$IEEE1$IW$USESV6$~STKCKD$USESV7$~SHL$OSPACE$EBA8$MICROLIB$REQ8$PRES8$EABIv2 0x00000000   Number         0  anon$$obj.o ABSOLUTE
    __ARM_use_no_argv                        0x00000000   Number         0  blinky.o ABSOLUTE
    __cpp_initialize__aeabi_                  - Undefined Weak Reference
    __cxa_finalize                            - Undefined Weak Reference
    __decompress                              - Undefined Weak Reference
    _clock_init                               - Undefined Weak Reference
    _microlib_exit                            - Undefined Weak Reference
    __Vectors_Size                           0x00000188   Number         0  startup_stm32f407xx.o ABSOLUTE
    __RL_RTX_VER                             0x00000482   Number         0  rt_system.o ABSOLUTE
    __Vectors                                0x08000000   Data           4  startup_stm32f407xx.o(RESET)
    __Vectors_End                            0x08000188   Data           0  startup_stm32f407xx.o(RESET)
    __main                                   0x08000189   Thumb Code     0  entry.o(.ARM.Collect$$$$00000000)
    _main_stk                                0x08000189   Thumb Code     0  entry2.o(.ARM.Collect$$$$00000001)
    _main_scatterload                        0x0800018d   Thumb Code     0  entry5.o(.ARM.Collect$$$$00000004)
    __main_after_scatterload                 0x08000191   Thumb Code     0  entry5.o(.ARM.Collect$$$$00000004)
    __rt_final_cpp                           0x08000191   Thumb Code     0  entry10a.o(.ARM.Collect$$$$0000000D)
    __rt_final_exit                          0x08000191   Thumb Code     0  entry11a.o(.ARM.Collect$$$$0000000F)
    _main_clock                              0x08000191   Thumb Code     0  entry7b.o(.ARM.Collect$$$$00000008)
    _main_cpp_init                           0x08000191   Thumb Code     0  entry8b.o(.ARM.Collect$$$$0000000A)
    _main_init                               0x08000191   Thumb Code    18  rtx_conf_cm.o(.ARM.Collect$$$$000000FF)
    rt_set_PSP                               0x080001ad   Thumb Code     6  hal_cm4.o(.emb_text)
    rt_get_PSP                               0x080001b3   Thumb Code     6  hal_cm4.o(.emb_text)
    os_set_env                               0x080001b9   Thumb Code    24  hal_cm4.o(.emb_text)
    _alloc_box                               0x080001d5   Thumb Code    28  hal_cm4.o(.emb_text)
    _free_box                                0x080001f5   Thumb Code    28  hal_cm4.o(.emb_text)
    SVC_Handler                              0x08000215   Thumb Code   168  hal_cm4.o(.emb_text)
    PendSV_Handler                           0x080002cd   Thumb Code    96  hal_cm4.o(.emb_text)
    SysTick_Handler                          0x08000331   Thumb Code     8  hal_cm4.o(.emb_text)
    OS_Tick_Handler                          0x08000339   Thumb Code    12  hal_cm4.o(.emb_text)
    HAL_GetTick                              0x08000345   Thumb Code     6  blinky.o(.text)
    SystemClock_Config                       0x0800034b   Thumb Code   144  blinky.o(.text)
    main                                     0x080003db   Thumb Code    32  blinky.o(.text)
    Init_Thread_LED                          0x08000409   Thumb Code    40  thread_led.o(.text)
    Thread_LED                               0x08000431   Thumb Code    50  thread_led.o(.text)
    Thread_LED1                              0x08000463   Thumb Code    50  thread_led.o(.text)
    Buttons_Initialize                       0x080004ad   Thumb Code    60  buttons_f4discovery.o(.text)
    Buttons_Uninitialize                     0x080004e9   Thumb Code    14  buttons_f4discovery.o(.text)
    Buttons_GetState                         0x080004f7   Thumb Code    24  buttons_f4discovery.o(.text)
    Buttons_GetCount                         0x0800050f   Thumb Code     4  buttons_f4discovery.o(.text)
    LED_Initialize                           0x0800051d   Thumb Code    68  led_f4discovery.o(.text)
    LED_Uninitialize                         0x08000561   Thumb Code    16  led_f4discovery.o(.text)
    LED_On                                   0x08000571   Thumb Code    28  led_f4discovery.o(.text)
    LED_Off                                  0x0800058d   Thumb Code    28  led_f4discovery.o(.text)
    LED_SetOut                               0x080005a9   Thumb Code    40  led_f4discovery.o(.text)
    LED_GetCount                             0x080005d1   Thumb Code     4  led_f4discovery.o(.text)
    os_idle_demon                            0x080005e1   Thumb Code     4  rtx_conf_cm.o(.text)
    os_error                                 0x080005e5   Thumb Code    34  rtx_conf_cm.o(.text)
    HAL_MspInit                              0x08000609   Thumb Code     2  stm32f4xx_hal.o(.text)
    HAL_InitTick                             0x0800060b   Thumb Code    36  stm32f4xx_hal.o(.text)
    HAL_Init                                 0x0800062f   Thumb Code    54  stm32f4xx_hal.o(.text)
    HAL_MspDeInit                            0x08000665   Thumb Code     2  stm32f4xx_hal.o(.text)
    HAL_DeInit                               0x08000667   Thumb Code    64  stm32f4xx_hal.o(.text)
    HAL_IncTick                              0x080006a7   Thumb Code    12  stm32f4xx_hal.o(.text)
    HAL_Delay                                0x080006b9   Thumb Code    26  stm32f4xx_hal.o(.text)
    HAL_SuspendTick                          0x080006d3   Thumb Code    18  stm32f4xx_hal.o(.text)
    HAL_ResumeTick                           0x080006e5   Thumb Code    18  stm32f4xx_hal.o(.text)
    HAL_GetHalVersion                        0x080006f7   Thumb Code     6  stm32f4xx_hal.o(.text)
    HAL_GetREVID                             0x080006fd   Thumb Code     8  stm32f4xx_hal.o(.text)
    HAL_GetDEVID                             0x08000705   Thumb Code    10  stm32f4xx_hal.o(.text)
    HAL_DBGMCU_EnableDBGSleepMode            0x0800070f   Thumb Code    14  stm32f4xx_hal.o(.text)
    HAL_DBGMCU_DisableDBGSleepMode           0x0800071d   Thumb Code    14  stm32f4xx_hal.o(.text)
    HAL_DBGMCU_EnableDBGStopMode             0x0800072b   Thumb Code    14  stm32f4xx_hal.o(.text)
    HAL_DBGMCU_DisableDBGStopMode            0x08000739   Thumb Code    14  stm32f4xx_hal.o(.text)
    HAL_DBGMCU_EnableDBGStandbyMode          0x08000747   Thumb Code    14  stm32f4xx_hal.o(.text)
    HAL_DBGMCU_DisableDBGStandbyMode         0x08000755   Thumb Code    14  stm32f4xx_hal.o(.text)
    HAL_EnableCompensationCell               0x08000763   Thumb Code    22  stm32f4xx_hal.o(.text)
    HAL_DisableCompensationCell              0x08000779   Thumb Code    24  stm32f4xx_hal.o(.text)
    HAL_NVIC_SetPriorityGrouping             0x080007c9   Thumb Code    36  stm32f4xx_hal_cortex.o(.text)
    HAL_NVIC_SetPriority                     0x080007ed   Thumb Code   124  stm32f4xx_hal_cortex.o(.text)
    HAL_NVIC_EnableIRQ                       0x08000869   Thumb Code    32  stm32f4xx_hal_cortex.o(.text)
    HAL_NVIC_DisableIRQ                      0x08000889   Thumb Code    62  stm32f4xx_hal_cortex.o(.text)
    HAL_NVIC_SystemReset                     0x080008c7   Thumb Code    64  stm32f4xx_hal_cortex.o(.text)
    HAL_SYSTICK_Config                       0x08000907   Thumb Code    52  stm32f4xx_hal_cortex.o(.text)
    HAL_MPU_ConfigRegion                     0x0800093b   Thumb Code    90  stm32f4xx_hal_cortex.o(.text)
    HAL_NVIC_GetPriorityGrouping             0x08000995   Thumb Code     8  stm32f4xx_hal_cortex.o(.text)
    HAL_NVIC_GetPriority                     0x0800099d   Thumb Code   138  stm32f4xx_hal_cortex.o(.text)
    HAL_NVIC_SetPendingIRQ                   0x08000a27   Thumb Code    32  stm32f4xx_hal_cortex.o(.text)
    HAL_NVIC_GetPendingIRQ                   0x08000a47   Thumb Code    46  stm32f4xx_hal_cortex.o(.text)
    HAL_NVIC_ClearPendingIRQ                 0x08000a75   Thumb Code    30  stm32f4xx_hal_cortex.o(.text)
    HAL_NVIC_GetActive                       0x08000a93   Thumb Code    46  stm32f4xx_hal_cortex.o(.text)
    HAL_SYSTICK_CLKSourceConfig              0x08000ac1   Thumb Code    40  stm32f4xx_hal_cortex.o(.text)
    HAL_SYSTICK_Callback                     0x08000ae9   Thumb Code     2  stm32f4xx_hal_cortex.o(.text)
    HAL_SYSTICK_IRQHandler                   0x08000aeb   Thumb Code     8  stm32f4xx_hal_cortex.o(.text)
    HAL_GPIO_Init                            0x08000b15   Thumb Code   466  stm32f4xx_hal_gpio.o(.text)
    HAL_GPIO_DeInit                          0x08000ce7   Thumb Code   316  stm32f4xx_hal_gpio.o(.text)
    HAL_GPIO_ReadPin                         0x08000e23   Thumb Code    16  stm32f4xx_hal_gpio.o(.text)
    HAL_GPIO_WritePin                        0x08000e33   Thumb Code    12  stm32f4xx_hal_gpio.o(.text)
    HAL_GPIO_TogglePin                       0x08000e3f   Thumb Code     8  stm32f4xx_hal_gpio.o(.text)
    HAL_GPIO_LockPin                         0x08000e47   Thumb Code    46  stm32f4xx_hal_gpio.o(.text)
    HAL_GPIO_EXTI_Callback                   0x08000e75   Thumb Code     2  stm32f4xx_hal_gpio.o(.text)
    HAL_GPIO_EXTI_IRQHandler                 0x08000e77   Thumb Code    28  stm32f4xx_hal_gpio.o(.text)
    HAL_RCC_OscConfig                        0x08000ec3   Thumb Code  1088  stm32f4xx_hal_rcc.o(.text)
    HAL_RCC_GetSysClockFreq                  0x08001303   Thumb Code   170  stm32f4xx_hal_rcc.o(.text)
    HAL_RCC_ClockConfig                      0x080013ad   Thumb Code   466  stm32f4xx_hal_rcc.o(.text)
    HAL_RCC_MCOConfig                        0x0800157f   Thumb Code   186  stm32f4xx_hal_rcc.o(.text)
    HAL_RCC_EnableCSS                        0x08001639   Thumb Code     8  stm32f4xx_hal_rcc.o(.text)
    HAL_RCC_DisableCSS                       0x08001641   Thumb Code     8  stm32f4xx_hal_rcc.o(.text)
    HAL_RCC_GetHCLKFreq                      0x08001649   Thumb Code     6  stm32f4xx_hal_rcc.o(.text)
    HAL_RCC_GetPCLK1Freq                     0x0800164f   Thumb Code    38  stm32f4xx_hal_rcc.o(.text)
    HAL_RCC_GetPCLK2Freq                     0x08001675   Thumb Code    38  stm32f4xx_hal_rcc.o(.text)
    HAL_RCC_GetOscConfig                     0x0800169b   Thumb Code   326  stm32f4xx_hal_rcc.o(.text)
    HAL_RCC_GetClockConfig                   0x080017e1   Thumb Code    66  stm32f4xx_hal_rcc.o(.text)
    HAL_RCC_CSSCallback                      0x08001823   Thumb Code     2  stm32f4xx_hal_rcc.o(.text)
    HAL_RCC_NMI_IRQHandler                   0x08001825   Thumb Code    30  stm32f4xx_hal_rcc.o(.text)
    Reset_Handler                            0x0800184d   Thumb Code     8  startup_stm32f407xx.o(.text)
    NMI_Handler                              0x08001855   Thumb Code     2  startup_stm32f407xx.o(.text)
    HardFault_Handler                        0x08001857   Thumb Code     2  startup_stm32f407xx.o(.text)
    MemManage_Handler                        0x08001859   Thumb Code     2  startup_stm32f407xx.o(.text)
    BusFault_Handler                         0x0800185b   Thumb Code     2  startup_stm32f407xx.o(.text)
    UsageFault_Handler                       0x0800185d   Thumb Code     2  startup_stm32f407xx.o(.text)
    DebugMon_Handler                         0x08001861   Thumb Code     2  startup_stm32f407xx.o(.text)
    ADC_IRQHandler                           0x08001867   Thumb Code     0  startup_stm32f407xx.o(.text)
    CAN1_RX0_IRQHandler                      0x08001867   Thumb Code     0  startup_stm32f407xx.o(.text)
    CAN1_RX1_IRQHandler                      0x08001867   Thumb Code     0  startup_stm32f407xx.o(.text)
    CAN1_SCE_IRQHandler                      0x08001867   Thumb Code     0  startup_stm32f407xx.o(.text)
    CAN1_TX_IRQHandler                       0x08001867   Thumb Code     0  startup_stm32f407xx.o(.text)
    CAN2_RX0_IRQHandler                      0x08001867   Thumb Code     0  startup_stm32f407xx.o(.text)
    CAN2_RX1_IRQHandler                      0x08001867   Thumb Code     0  startup_stm32f407xx.o(.text)
    CAN2_SCE_IRQHandler                      0x08001867   Thumb Code     0  startup_stm32f407xx.o(.text)
    CAN2_TX_IRQHandler                       0x08001867   Thumb Code     0  startup_stm32f407xx.o(.text)
    DCMI_IRQHandler                          0x08001867   Thumb Code     0  startup_stm32f407xx.o(.text)
    DMA1_Stream0_IRQHandler                  0x08001867   Thumb Code     0  startup_stm32f407xx.o(.text)
    DMA1_Stream1_IRQHandler                  0x08001867   Thumb Code     0  startup_stm32f407xx.o(.text)
    DMA1_Stream2_IRQHandler                  0x08001867   Thumb Code     0  startup_stm32f407xx.o(.text)
    DMA1_Stream3_IRQHandler                  0x08001867   Thumb Code     0  startup_stm32f407xx.o(.text)
    DMA1_Stream4_IRQHandler                  0x08001867   Thumb Code     0  startup_stm32f407xx.o(.text)
    DMA1_Stream5_IRQHandler                  0x08001867   Thumb Code     0  startup_stm32f407xx.o(.text)
    DMA1_Stream6_IRQHandler                  0x08001867   Thumb Code     0  startup_stm32f407xx.o(.text)
    DMA1_Stream7_IRQHandler                  0x08001867   Thumb Code     0  startup_stm32f407xx.o(.text)
    DMA2_Stream0_IRQHandler                  0x08001867   Thumb Code     0  startup_stm32f407xx.o(.text)
    DMA2_Stream1_IRQHandler                  0x08001867   Thumb Code     0  startup_stm32f407xx.o(.text)
    DMA2_Stream2_IRQHandler                  0x08001867   Thumb Code     0  startup_stm32f407xx.o(.text)
    DMA2_Stream3_IRQHandler                  0x08001867   Thumb Code     0  startup_stm32f407xx.o(.text)
    DMA2_Stream4_IRQHandler                  0x08001867   Thumb Code     0  startup_stm32f407xx.o(.text)
    DMA2_Stream5_IRQHandler                  0x08001867   Thumb Code     0  startup_stm32f407xx.o(.text)
    DMA2_Stream6_IRQHandler                  0x08001867   Thumb Code     0  startup_stm32f407xx.o(.text)
    DMA2_Stream7_IRQHandler                  0x08001867   Thumb Code     0  startup_stm32f407xx.o(.text)
    ETH_IRQHandler                           0x08001867   Thumb Code     0  startup_stm32f407xx.o(.text)
    ETH_WKUP_IRQHandler                      0x08001867   Thumb Code     0  startup_stm32f407xx.o(.text)
    EXTI0_IRQHandler                         0x08001867   Thumb Code     0  startup_stm32f407xx.o(.text)
    EXTI15_10_IRQHandler                     0x08001867   Thumb Code     0  startup_stm32f407xx.o(.text)
    EXTI1_IRQHandler                         0x08001867   Thumb Code     0  startup_stm32f407xx.o(.text)
    EXTI2_IRQHandler                         0x08001867   Thumb Code     0  startup_stm32f407xx.o(.text)
    EXTI3_IRQHandler                         0x08001867   Thumb Code     0  startup_stm32f407xx.o(.text)
    EXTI4_IRQHandler                         0x08001867   Thumb Code     0  startup_stm32f407xx.o(.text)
    EXTI9_5_IRQHandler                       0x08001867   Thumb Code     0  startup_stm32f407xx.o(.text)
    FLASH_IRQHandler                         0x08001867   Thumb Code     0  startup_stm32f407xx.o(.text)
    FMC_IRQHandler                           0x08001867   Thumb Code     0  startup_stm32f407xx.o(.text)
    FPU_IRQHandler                           0x08001867   Thumb Code     0  startup_stm32f407xx.o(.text)
    HASH_RNG_IRQHandler                      0x08001867   Thumb Code     0  startup_stm32f407xx.o(.text)
    I2C1_ER_IRQHandler                       0x08001867   Thumb Code     0  startup_stm32f407xx.o(.text)
    I2C1_EV_IRQHandler                       0x08001867   Thumb Code     0  startup_stm32f407xx.o(.text)
    I2C2_ER_IRQHandler                       0x08001867   Thumb Code     0  startup_stm32f407xx.o(.text)
    I2C2_EV_IRQHandler                       0x08001867   Thumb Code     0  startup_stm32f407xx.o(.text)
    I2C3_ER_IRQHandler                       0x08001867   Thumb Code     0  startup_stm32f407xx.o(.text)
    I2C3_EV_IRQHandler                       0x08001867   Thumb Code     0  startup_stm32f407xx.o(.text)
    OTG_FS_IRQHandler                        0x08001867   Thumb Code     0  startup_stm32f407xx.o(.text)
    OTG_FS_WKUP_IRQHandler                   0x08001867   Thumb Code     0  startup_stm32f407xx.o(.text)
    OTG_HS_EP1_IN_IRQHandler                 0x08001867   Thumb Code     0  startup_stm32f407xx.o(.text)
    OTG_HS_EP1_OUT_IRQHandler                0x08001867   Thumb Code     0  startup_stm32f407xx.o(.text)
    OTG_HS_IRQHandler                        0x08001867   Thumb Code     0  startup_stm32f407xx.o(.text)
    OTG_HS_WKUP_IRQHandler                   0x08001867   Thumb Code     0  startup_stm32f407xx.o(.text)
    PVD_IRQHandler                           0x08001867   Thumb Code     0  startup_stm32f407xx.o(.text)
    RCC_IRQHandler                           0x08001867   Thumb Code     0  startup_stm32f407xx.o(.text)
    RTC_Alarm_IRQHandler                     0x08001867   Thumb Code     0  startup_stm32f407xx.o(.text)
    RTC_WKUP_IRQHandler                      0x08001867   Thumb Code     0  startup_stm32f407xx.o(.text)
    SDIO_IRQHandler                          0x08001867   Thumb Code     0  startup_stm32f407xx.o(.text)
    SPI1_IRQHandler                          0x08001867   Thumb Code     0  startup_stm32f407xx.o(.text)
    SPI2_IRQHandler                          0x08001867   Thumb Code     0  startup_stm32f407xx.o(.text)
    SPI3_IRQHandler                          0x08001867   Thumb Code     0  startup_stm32f407xx.o(.text)
    TAMP_STAMP_IRQHandler                    0x08001867   Thumb Code     0  startup_stm32f407xx.o(.text)
    TIM1_BRK_TIM9_IRQHandler                 0x08001867   Thumb Code     0  startup_stm32f407xx.o(.text)
    TIM1_CC_IRQHandler                       0x08001867   Thumb Code     0  startup_stm32f407xx.o(.text)
    TIM1_TRG_COM_TIM11_IRQHandler            0x08001867   Thumb Code     0  startup_stm32f407xx.o(.text)
    TIM1_UP_TIM10_IRQHandler                 0x08001867   Thumb Code     0  startup_stm32f407xx.o(.text)
    TIM2_IRQHandler                          0x08001867   Thumb Code     0  startup_stm32f407xx.o(.text)
    TIM3_IRQHandler                          0x08001867   Thumb Code     0  startup_stm32f407xx.o(.text)
    TIM4_IRQHandler                          0x08001867   Thumb Code     0  startup_stm32f407xx.o(.text)
    TIM5_IRQHandler                          0x08001867   Thumb Code     0  startup_stm32f407xx.o(.text)
    TIM6_DAC_IRQHandler                      0x08001867   Thumb Code     0  startup_stm32f407xx.o(.text)
    TIM7_IRQHandler                          0x08001867   Thumb Code     0  startup_stm32f407xx.o(.text)
    TIM8_BRK_TIM12_IRQHandler                0x08001867   Thumb Code     0  startup_stm32f407xx.o(.text)
    TIM8_CC_IRQHandler                       0x08001867   Thumb Code     0  startup_stm32f407xx.o(.text)
    TIM8_TRG_COM_TIM14_IRQHandler            0x08001867   Thumb Code     0  startup_stm32f407xx.o(.text)
    TIM8_UP_TIM13_IRQHandler                 0x08001867   Thumb Code     0  startup_stm32f407xx.o(.text)
    UART4_IRQHandler                         0x08001867   Thumb Code     0  startup_stm32f407xx.o(.text)
    UART5_IRQHandler                         0x08001867   Thumb Code     0  startup_stm32f407xx.o(.text)
    USART1_IRQHandler                        0x08001867   Thumb Code     0  startup_stm32f407xx.o(.text)
    USART2_IRQHandler                        0x08001867   Thumb Code     0  startup_stm32f407xx.o(.text)
    USART3_IRQHandler                        0x08001867   Thumb Code     0  startup_stm32f407xx.o(.text)
    USART6_IRQHandler                        0x08001867   Thumb Code     0  startup_stm32f407xx.o(.text)
    WWDG_IRQHandler                          0x08001867   Thumb Code     0  startup_stm32f407xx.o(.text)
    SystemInit                               0x08001871   Thumb Code    82  system_stm32f4xx.o(.text)
    SystemCoreClockUpdate                    0x080018c3   Thumb Code   174  system_stm32f4xx.o(.text)
    __scatterload                            0x08001991   Thumb Code    28  init.o(.text)
    __scatterload_rt2                        0x08001991   Thumb Code     0  init.o(.text)
    SVC_Count                                0x080019b4   Data           4  svc_table.o(SVC_TABLE)
    SVC_Table                                0x080019b8   Data           0  svc_table.o(SVC_TABLE)
    __scatterload_copy                       0x080019b9   Thumb Code    14  handlers.o(i.__scatterload_copy)
    __scatterload_null                       0x080019c7   Thumb Code     2  handlers.o(i.__scatterload_null)
    __scatterload_zeroinit                   0x080019c9   Thumb Code    14  handlers.o(i.__scatterload_zeroinit)
    _init_box                                0x080019d7   Thumb Code    70  rt_membox.o(i._init_box)
    dbg_init                                 0x08001a1d   Thumb Code    34  hal_cm.o(i.dbg_init)
    dbg_task_notify                          0x08001a4d   Thumb Code    32  hal_cm.o(i.dbg_task_notify)
    dbg_task_switch                          0x08001a6d   Thumb Code    16  hal_cm.o(i.dbg_task_switch)
    isrMessageGet                            0x08001a7d   Thumb Code    42  rt_cmsis.o(i.isrMessageGet)
    isrMessagePut                            0x08001aa7   Thumb Code    44  rt_cmsis.o(i.isrMessagePut)
    isrSemaphoreRelease                      0x08001ad3   Thumb Code    40  rt_cmsis.o(i.isrSemaphoreRelease)
    isr_mbx_receive                          0x08001afd   Thumb Code    86  rt_mailbox.o(i.isr_mbx_receive)
    isr_mbx_send                             0x08001b53   Thumb Code    14  rt_mailbox.o(i.isr_mbx_send)
    isr_sem_send                             0x08001b61   Thumb Code    16  rt_semaphore.o(i.isr_sem_send)
    osDelay                                  0x08001b71   Thumb Code    18  rt_cmsis.o(i.osDelay)
    osKernelInitialize                       0x08001b89   Thumb Code    30  rt_cmsis.o(i.osKernelInitialize)
    osKernelStart                            0x08001bad   Thumb Code    98  rt_cmsis.o(i.osKernelStart)
    osMessageGet                             0x08001c19   Thumb Code    18  rt_cmsis.o(i.osMessageGet)
    osSemaphoreCreate                        0x08001c31   Thumb Code    36  rt_cmsis.o(i.osSemaphoreCreate)
    osSemaphoreRelease                       0x08001c5d   Thumb Code    18  rt_cmsis.o(i.osSemaphoreRelease)
    osSemaphoreWait                          0x08001c75   Thumb Code    20  rt_cmsis.o(i.osSemaphoreWait)
    osThreadCreate                           0x08001c8d   Thumb Code    36  rt_cmsis.o(i.osThreadCreate)
    osThreadExit                             0x08001cb9   Thumb Code    14  rt_cmsis.o(i.osThreadExit)
    osTimerCall                              0x08001cd1   Thumb Code     8  rt_cmsis.o(i.osTimerCall)
    osTimerThread                            0x08001cdd   Thumb Code    38  rt_cmsis.o(i.osTimerThread)
    os_tick_init                             0x08001d09   Thumb Code    32  rt_system.o(i.os_tick_init)
    os_tick_irqack                           0x08001d31   Thumb Code     2  rt_system.o(i.os_tick_irqack)
    rt_alloc_box                             0x08001d33   Thumb Code    26  rt_membox.o(i.rt_alloc_box)
    rt_alloc_mem                             0x08001d4d   Thumb Code    62  rt_memory.o(i.rt_alloc_mem)
    rt_block                                 0x08001d8d   Thumb Code    48  rt_task.o(i.rt_block)
    rt_chk_robin                             0x08001dc5   Thumb Code    60  rt_robin.o(i.rt_chk_robin)
    rt_dec_dly                               0x08001e0d   Thumb Code   102  rt_list.o(i.rt_dec_dly)
    rt_dispatch                              0x08001e7d   Thumb Code    60  rt_task.o(i.rt_dispatch)
    rt_dly_wait                              0x08001ec1   Thumb Code     6  rt_time.o(i.rt_dly_wait)
    rt_evt_psh                               0x08001ec9   Thumb Code    76  rt_event.o(i.rt_evt_psh)
    rt_free_box                              0x08001f19   Thumb Code    44  rt_membox.o(i.rt_free_box)
    rt_free_mem                              0x08001f45   Thumb Code    40  rt_memory.o(i.rt_free_mem)
    rt_get_first                             0x08001f6d   Thumb Code    40  rt_list.o(i.rt_get_first)
    rt_init_mem                              0x08001fe5   Thumb Code    26  rt_memory.o(i.rt_init_mem)
    rt_init_robin                            0x08002001   Thumb Code    14  rt_robin.o(i.rt_init_robin)
    rt_init_stack                            0x08002019   Thumb Code   118  hal_cm.o(i.rt_init_stack)
    rt_mbx_check                             0x08002099   Thumb Code     8  rt_mailbox.o(i.rt_mbx_check)
    rt_mbx_init                              0x080020a1   Thumb Code    26  rt_mailbox.o(i.rt_mbx_init)
    rt_mbx_psh                               0x080020bd   Thumb Code   236  rt_mailbox.o(i.rt_mbx_psh)
    rt_mbx_wait                              0x080021ad   Thumb Code   174  rt_mailbox.o(i.rt_mbx_wait)
    rt_pop_req                               0x080022a5   Thumb Code   112  rt_system.o(i.rt_pop_req)
    rt_psh_req                               0x08002321   Thumb Code    22  rt_system.o(i.rt_psh_req)
    rt_psq_enq                               0x08002341   Thumb Code    88  rt_list.o(i.rt_psq_enq)
    rt_put_dly                               0x0800239d   Thumb Code    68  rt_list.o(i.rt_put_dly)
    rt_put_prio                              0x080023e5   Thumb Code    54  rt_list.o(i.rt_put_prio)
    rt_put_rdy_first                         0x0800241d   Thumb Code    14  rt_list.o(i.rt_put_rdy_first)
    rt_resort_prio                           0x08002431   Thumb Code    46  rt_list.o(i.rt_resort_prio)
    rt_ret_val                               0x08002475   Thumb Code    12  hal_cm.o(i.rt_ret_val)
    rt_ret_val2                              0x08002481   Thumb Code    16  hal_cm.o(i.rt_ret_val2)
    rt_rmv_dly                               0x08002491   Thumb Code    40  rt_list.o(i.rt_rmv_dly)
    rt_rmv_list                              0x080024b9   Thumb Code    44  rt_list.o(i.rt_rmv_list)
    rt_sem_init                              0x080024e9   Thumb Code    12  rt_semaphore.o(i.rt_sem_init)
    rt_sem_psh                               0x080024f5   Thumb Code    48  rt_semaphore.o(i.rt_sem_psh)
    rt_sem_send                              0x08002529   Thumb Code    42  rt_semaphore.o(i.rt_sem_send)
    rt_sem_wait                              0x08002555   Thumb Code    58  rt_semaphore.o(i.rt_sem_wait)
    rt_stk_check                             0x08002595   Thumb Code    28  rt_system.o(i.rt_stk_check)
    rt_switch_req                            0x080025b9   Thumb Code    30  rt_task.o(i.rt_switch_req)
    rt_sys_init                              0x080025e1   Thumb Code   138  rt_task.o(i.rt_sys_init)
    rt_sys_start                             0x080026ad   Thumb Code   110  rt_task.o(i.rt_sys_start)
    rt_systick                               0x08002725   Thumb Code    50  rt_system.o(i.rt_systick)
    rt_tsk_create                            0x080027ad   Thumb Code   118  rt_task.o(i.rt_tsk_create)
    rt_tsk_delete                            0x08002835   Thumb Code   352  rt_task.o(i.rt_tsk_delete)
    rt_tsk_prio                              0x080029b1   Thumb Code   108  rt_task.o(i.rt_tsk_prio)
    rt_tsk_self                              0x08002a2d   Thumb Code    12  rt_task.o(i.rt_tsk_self)
    svcDelay                                 0x08002a3d   Thumb Code    18  rt_cmsis.o(i.svcDelay)
    svcKernelInitialize                      0x08002a51   Thumb Code    80  rt_cmsis.o(i.svcKernelInitialize)
    svcKernelStart                           0x08002ac1   Thumb Code    62  rt_cmsis.o(i.svcKernelStart)
    svcMessageCreate                         0x08002b09   Thumb Code    36  rt_cmsis.o(i.svcMessageCreate)
    svcMessageGet                            0x08002b2d   Thumb Code    58  rt_cmsis.o(i.svcMessageGet)
    svcSemaphoreCreate                       0x08002b67   Thumb Code    36  rt_cmsis.o(i.svcSemaphoreCreate)
    svcSemaphoreRelease                      0x08002b8b   Thumb Code    40  rt_cmsis.o(i.svcSemaphoreRelease)
    svcSemaphoreWait                         0x08002bb3   Thumb Code    50  rt_cmsis.o(i.svcSemaphoreWait)
    svcThreadCreate                          0x08002be5   Thumb Code    96  rt_cmsis.o(i.svcThreadCreate)
    svcThreadGetId                           0x08002c51   Thumb Code    22  rt_cmsis.o(i.svcThreadGetId)
    svcThreadTerminate                       0x08002c6d   Thumb Code    50  rt_cmsis.o(i.svcThreadTerminate)
    svcTimerCall                             0x08002ca5   Thumb Code    24  rt_cmsis.o(i.svcTimerCall)
    sysTimerTick                             0x08002cbd   Thumb Code    84  rt_cmsis.o(i.sysTimerTick)
    os_thread_def_Thread_LED                 0x08002d18   Data          16  thread_led.o(.constdata)
    os_thread_def_Thread_LED1                0x08002d28   Data          16  thread_led.o(.constdata)
    os_semaphore_def_sem1                    0x08002d38   Data           4  thread_led.o(.constdata)
    os_maxtaskrun                            0x08002d5c   Data           2  rtx_conf_cm.o(.constdata)
    os_stackinfo                             0x08002d60   Data           4  rtx_conf_cm.o(.constdata)
    os_rrobin                                0x08002d64   Data           4  rtx_conf_cm.o(.constdata)
    os_tickfreq                              0x08002d68   Data           4  rtx_conf_cm.o(.constdata)
    os_tickus_i                              0x08002d6c   Data           2  rtx_conf_cm.o(.constdata)
    os_tickus_f                              0x08002d6e   Data           2  rtx_conf_cm.o(.constdata)
    os_trv                                   0x08002d70   Data           4  rtx_conf_cm.o(.constdata)
    os_flags                                 0x08002d74   Data           1  rtx_conf_cm.o(.constdata)
    CMSIS_RTOS_API_Version                   0x08002d78   Data           4  rtx_conf_cm.o(.constdata)
    CMSIS_RTOS_RTX_Version                   0x08002d7c   Data           4  rtx_conf_cm.o(.constdata)
    os_clockrate                             0x08002d80   Data           4  rtx_conf_cm.o(.constdata)
    os_timernum                              0x08002d84   Data           4  rtx_conf_cm.o(.constdata)
    mp_tcb_size                              0x08002d88   Data           2  rtx_conf_cm.o(.constdata)
    mp_stk_size                              0x08002d8c   Data           4  rtx_conf_cm.o(.constdata)
    os_stack_sz                              0x08002d90   Data           4  rtx_conf_cm.o(.constdata)
    os_fifo_size                             0x08002d94   Data           1  rtx_conf_cm.o(.constdata)
    os_thread_def_osTimerThread              0x08002d98   Data          16  rtx_conf_cm.o(.constdata)
    os_messageQ_def_osTimerMessageQ          0x08002da8   Data           8  rtx_conf_cm.o(.constdata)
    mp_tmr_size                              0x08002db0   Data           2  rtx_conf_cm.o(.constdata)
    os_thread_def_main                       0x08002db4   Data          16  rtx_conf_cm.o(.constdata)
    APBAHBPrescTable                         0x08002dc4   Data          16  stm32f4xx_hal_rcc.o(.constdata)
    AHBPrescTable                            0x08002dd4   Data          16  system_stm32f4xx.o(.constdata)
    APBPrescTable                            0x08002de4   Data           8  system_stm32f4xx.o(.constdata)
    Region$$Table$$Base                      0x08002dec   Number         0  anon$$obj.o(Region$$Table)
    Region$$Table$$Limit                     0x08002e0c   Number         0  anon$$obj.o(Region$$Table)
    tid_Thread_LED                           0x20000000   Data           4  thread_led.o(.data)
    tid_Thread_LED1                          0x20000004   Data           4  thread_led.o(.data)
    os_semaphore_cb_sem1                     0x20000008   Data           8  thread_led.o(.data)
    sem1ID                                   0x20000010   Data           4  thread_led.o(.data)
    osThreadId_osTimerThread                 0x20000014   Data           4  rtx_conf_cm.o(.data)
    osMessageQId_osTimerMessageQ             0x20000018   Data           4  rtx_conf_cm.o(.data)
    os_tmr                                   0x2000001c   Data           4  rtx_conf_cm.o(.data)
    m_tmr                                    0x20000020   Data           4  rtx_conf_cm.o(.data)
    uwTick                                   0x20000024   Data           4  stm32f4xx_hal.o(.data)
    SystemCoreClock                          0x20000028   Data           4  system_stm32f4xx.o(.data)
    os_initialized                           0x2000002c   Data           1  rt_cmsis.o(.data)
    os_running                               0x2000002d   Data           1  rt_cmsis.o(.data)
    os_timer_head                            0x20000030   Data           4  rt_cmsis.o(.data)
    os_time                                  0x20000034   Data           4  rt_time.o(.data)
    os_tsk                                   0x20000038   Data           8  rt_task.o(.data)
    os_tick_irqn                             0x20000044   Data           4  rt_system.o(.data)
    dbg_msg                                  0x20000048   Data           1  hal_cm.o(.data)
    os_robin                                 0x2000004c   Data           8  rt_robin.o(.data)
    mp_tcb                                   0x20000058   Data         376  rtx_conf_cm.o(.bss)
    mp_stk                                   0x200001d0   Data        1216  rtx_conf_cm.o(.bss)
    os_stack_mem                             0x20000690   Data         432  rtx_conf_cm.o(.bss)
    os_fifo                                  0x20000840   Data         132  rtx_conf_cm.o(.bss)
    os_active_TCB                            0x200008c4   Data          28  rtx_conf_cm.o(.bss)
    os_messageQ_q_osTimerMessageQ            0x200008e0   Data          32  rtx_conf_cm.o(.bss)
    os_idle_TCB                              0x20000900   Data          52  rt_task.o(.bss)
    os_rdy                                   0x20000934   Data          24  rt_list.o(.bss)
    os_dly                                   0x2000094c   Data          24  rt_list.o(.bss)
    __initial_sp                             0x20000d68   Data           0  startup_stm32f407xx.o(STACK)



==============================================================================

Memory Map of the image

  Image Entry point : 0x08000189

  Load Region LR_IROM1 (Base: 0x08000000, Size: 0x00002e60, Max: 0x00100000, ABSOLUTE)

    Execution Region ER_IROM1 (Base: 0x08000000, Size: 0x00002e0c, Max: 0x00100000, ABSOLUTE)

    Base Addr    Size         Type   Attr      Idx    E Section Name        Object

    0x08000000   0x00000188   Data   RO          392    RESET               startup_stm32f407xx.o
    0x08000188   0x00000000   Code   RO         1641  * .ARM.Collect$$$$00000000  mc_w.l(entry.o)
    0x08000188   0x00000004   Code   RO         1646    .ARM.Collect$$$$00000001  mc_w.l(entry2.o)
    0x0800018c   0x00000004   Code   RO         1649    .ARM.Collect$$$$00000004  mc_w.l(entry5.o)
    0x08000190   0x00000000   Code   RO         1651    .ARM.Collect$$$$00000008  mc_w.l(entry7b.o)
    0x08000190   0x00000000   Code   RO         1653    .ARM.Collect$$$$0000000A  mc_w.l(entry8b.o)
    0x08000190   0x00000000   Code   RO         1654    .ARM.Collect$$$$0000000D  mc_w.l(entry10a.o)
    0x08000190   0x00000000   Code   RO         1656    .ARM.Collect$$$$0000000F  mc_w.l(entry11a.o)
    0x08000190   0x00000018   Code   RO          183    .ARM.Collect$$$$000000FF  rtx_conf_cm.o
    0x080001a8   0x00000004   Code   RO         1647    .ARM.Collect$$$$00002712  mc_w.l(entry2.o)
    0x080001ac   0x00000198   Code   RO         1628    .emb_text           RTX_CM4.lib(hal_cm4.o)
    0x08000344   0x000000c4   Code   RO            4    .text               blinky.o
    0x08000408   0x000000a4   Code   RO          114    .text               thread_led.o
    0x080004ac   0x00000070   Code   RO          136    .text               buttons_f4discovery.o
    0x0800051c   0x000000c4   Code   RO          160    .text               led_f4discovery.o
    0x080005e0   0x00000026   Code   RO          184    .text               rtx_conf_cm.o
    0x08000606   0x00000002   PAD
    0x08000608   0x000001a0   Code   RO          215    .text               stm32f4xx_hal.o
    0x080007a8   0x0000036c   Code   RO          242    .text               stm32f4xx_hal_cortex.o
    0x08000b14   0x000003ac   Code   RO          270    .text               stm32f4xx_hal_gpio.o
    0x08000ec0   0x0000098c   Code   RO          342    .text               stm32f4xx_hal_rcc.o
    0x0800184c   0x00000024   Code   RO          393    .text               startup_stm32f407xx.o
    0x08001870   0x00000120   Code   RO          400    .text               system_stm32f4xx.o
    0x08001990   0x00000024   Code   RO         1662    .text               mc_w.l(init.o)
    0x080019b4   0x00000004   Code   RO         1638    SVC_TABLE           RTX_CM4.lib(svc_table.o)
    0x080019b8   0x0000000e   Code   RO         1666    i.__scatterload_copy  mc_w.l(handlers.o)
    0x080019c6   0x00000002   Code   RO         1667    i.__scatterload_null  mc_w.l(handlers.o)
    0x080019c8   0x0000000e   Code   RO         1668    i.__scatterload_zeroinit  mc_w.l(handlers.o)
    0x080019d6   0x00000046   Code   RO         1501    i._init_box         RTX_CM4.lib(rt_membox.o)
    0x08001a1c   0x00000030   Code   RO         1554    i.dbg_init          RTX_CM4.lib(hal_cm.o)
    0x08001a4c   0x00000020   Code   RO         1555    i.dbg_task_notify   RTX_CM4.lib(hal_cm.o)
    0x08001a6c   0x00000010   Code   RO         1556    i.dbg_task_switch   RTX_CM4.lib(hal_cm.o)
    0x08001a7c   0x0000002a   Code   RO          431    i.isrMessageGet     RTX_CM4.lib(rt_cmsis.o)
    0x08001aa6   0x0000002c   Code   RO          432    i.isrMessagePut     RTX_CM4.lib(rt_cmsis.o)
    0x08001ad2   0x00000028   Code   RO          433    i.isrSemaphoreRelease  RTX_CM4.lib(rt_cmsis.o)
    0x08001afa   0x00000002   PAD
    0x08001afc   0x00000056   Code   RO         1380    i.isr_mbx_receive   RTX_CM4.lib(rt_mailbox.o)
    0x08001b52   0x0000000e   Code   RO         1381    i.isr_mbx_send      RTX_CM4.lib(rt_mailbox.o)
    0x08001b60   0x00000010   Code   RO         1428    i.isr_sem_send      RTX_CM4.lib(rt_semaphore.o)
    0x08001b70   0x00000018   Code   RO          435    i.osDelay           RTX_CM4.lib(rt_cmsis.o)
    0x08001b88   0x00000024   Code   RO          436    i.osKernelInitialize  RTX_CM4.lib(rt_cmsis.o)
    0x08001bac   0x0000006c   Code   RO          438    i.osKernelStart     RTX_CM4.lib(rt_cmsis.o)
    0x08001c18   0x00000018   Code   RO          447    i.osMessageGet      RTX_CM4.lib(rt_cmsis.o)
    0x08001c30   0x0000002c   Code   RO          457    i.osSemaphoreCreate  RTX_CM4.lib(rt_cmsis.o)
    0x08001c5c   0x00000018   Code   RO          459    i.osSemaphoreRelease  RTX_CM4.lib(rt_cmsis.o)
    0x08001c74   0x00000018   Code   RO          460    i.osSemaphoreWait   RTX_CM4.lib(rt_cmsis.o)
    0x08001c8c   0x0000002c   Code   RO          464    i.osThreadCreate    RTX_CM4.lib(rt_cmsis.o)
    0x08001cb8   0x00000018   Code   RO          465    i.osThreadExit      RTX_CM4.lib(rt_cmsis.o)
    0x08001cd0   0x0000000c   Code   RO          471    i.osTimerCall       RTX_CM4.lib(rt_cmsis.o)
    0x08001cdc   0x0000002c   Code   RO          476    i.osTimerThread     RTX_CM4.lib(rt_cmsis.o)
    0x08001d08   0x00000028   Code   RO         1168    i.os_tick_init      RTX_CM4.lib(rt_system.o)
    0x08001d30   0x00000002   Code   RO         1169    i.os_tick_irqack    RTX_CM4.lib(rt_system.o)
    0x08001d32   0x0000001a   Code   RO         1502    i.rt_alloc_box      RTX_CM4.lib(rt_membox.o)
    0x08001d4c   0x0000003e   Code   RO         1530    i.rt_alloc_mem      RTX_CM4.lib(rt_memory.o)
    0x08001d8a   0x00000002   PAD
    0x08001d8c   0x00000038   Code   RO         1083    i.rt_block          RTX_CM4.lib(rt_task.o)
    0x08001dc4   0x00000048   Code   RO         1607    i.rt_chk_robin      RTX_CM4.lib(rt_robin.o)
    0x08001e0c   0x00000070   Code   RO         1304    i.rt_dec_dly        RTX_CM4.lib(rt_list.o)
    0x08001e7c   0x00000044   Code   RO         1084    i.rt_dispatch       RTX_CM4.lib(rt_task.o)
    0x08001ec0   0x00000006   Code   RO         1050    i.rt_dly_wait       RTX_CM4.lib(rt_time.o)
    0x08001ec6   0x00000002   PAD
    0x08001ec8   0x00000050   Code   RO         1261    i.rt_evt_psh        RTX_CM4.lib(rt_event.o)
    0x08001f18   0x0000002c   Code   RO         1503    i.rt_free_box       RTX_CM4.lib(rt_membox.o)
    0x08001f44   0x00000028   Code   RO         1531    i.rt_free_mem       RTX_CM4.lib(rt_memory.o)
    0x08001f6c   0x00000028   Code   RO         1305    i.rt_get_first      RTX_CM4.lib(rt_list.o)
    0x08001f94   0x00000008   Code   RO          481    i.rt_id2obj         RTX_CM4.lib(rt_cmsis.o)
    0x08001f9c   0x00000048   Code   RO         1085    i.rt_init_context   RTX_CM4.lib(rt_task.o)
    0x08001fe4   0x0000001a   Code   RO         1532    i.rt_init_mem       RTX_CM4.lib(rt_memory.o)
    0x08001ffe   0x00000002   PAD
    0x08002000   0x00000018   Code   RO         1608    i.rt_init_robin     RTX_CM4.lib(rt_robin.o)
    0x08002018   0x00000080   Code   RO         1557    i.rt_init_stack     RTX_CM4.lib(hal_cm.o)
    0x08002098   0x00000008   Code   RO         1382    i.rt_mbx_check      RTX_CM4.lib(rt_mailbox.o)
    0x080020a0   0x0000001a   Code   RO         1383    i.rt_mbx_init       RTX_CM4.lib(rt_mailbox.o)
    0x080020ba   0x00000002   PAD
    0x080020bc   0x000000f0   Code   RO         1384    i.rt_mbx_psh        RTX_CM4.lib(rt_mailbox.o)
    0x080021ac   0x000000b4   Code   RO         1386    i.rt_mbx_wait       RTX_CM4.lib(rt_mailbox.o)
    0x08002260   0x00000044   Code   RO          482    i.rt_ms2tick        RTX_CM4.lib(rt_cmsis.o)
    0x080022a4   0x0000007c   Code   RO         1172    i.rt_pop_req        RTX_CM4.lib(rt_system.o)
    0x08002320   0x00000020   Code   RO         1173    i.rt_psh_req        RTX_CM4.lib(rt_system.o)
    0x08002340   0x0000005c   Code   RO         1307    i.rt_psq_enq        RTX_CM4.lib(rt_list.o)
    0x0800239c   0x00000048   Code   RO         1308    i.rt_put_dly        RTX_CM4.lib(rt_list.o)
    0x080023e4   0x00000036   Code   RO         1309    i.rt_put_prio       RTX_CM4.lib(rt_list.o)
    0x0800241a   0x00000002   PAD
    0x0800241c   0x00000014   Code   RO         1310    i.rt_put_rdy_first  RTX_CM4.lib(rt_list.o)
    0x08002430   0x00000034   Code   RO         1311    i.rt_resort_prio    RTX_CM4.lib(rt_list.o)
    0x08002464   0x00000010   Code   RO         1558    i.rt_ret_regs       RTX_CM4.lib(hal_cm.o)
    0x08002474   0x0000000c   Code   RO         1559    i.rt_ret_val        RTX_CM4.lib(hal_cm.o)
    0x08002480   0x00000010   Code   RO         1560    i.rt_ret_val2       RTX_CM4.lib(hal_cm.o)
    0x08002490   0x00000028   Code   RO         1312    i.rt_rmv_dly        RTX_CM4.lib(rt_list.o)
    0x080024b8   0x00000030   Code   RO         1313    i.rt_rmv_list       RTX_CM4.lib(rt_list.o)
    0x080024e8   0x0000000c   Code   RO         1430    i.rt_sem_init       RTX_CM4.lib(rt_semaphore.o)
    0x080024f4   0x00000034   Code   RO         1431    i.rt_sem_psh        RTX_CM4.lib(rt_semaphore.o)
    0x08002528   0x0000002a   Code   RO         1432    i.rt_sem_send       RTX_CM4.lib(rt_semaphore.o)
    0x08002552   0x00000002   PAD
    0x08002554   0x00000040   Code   RO         1433    i.rt_sem_wait       RTX_CM4.lib(rt_semaphore.o)
    0x08002594   0x00000024   Code   RO         1175    i.rt_stk_check      RTX_CM4.lib(rt_system.o)
    0x080025b8   0x00000028   Code   RO         1086    i.rt_switch_req     RTX_CM4.lib(rt_task.o)
    0x080025e0   0x000000cc   Code   RO         1087    i.rt_sys_init       RTX_CM4.lib(rt_task.o)
    0x080026ac   0x00000078   Code   RO         1088    i.rt_sys_start      RTX_CM4.lib(rt_task.o)
    0x08002724   0x00000040   Code   RO         1177    i.rt_systick        RTX_CM4.lib(rt_system.o)
    0x08002764   0x00000012   Code   RO          483    i.rt_tid2ptcb       RTX_CM4.lib(rt_cmsis.o)
    0x08002776   0x00000002   PAD
    0x08002778   0x00000034   Code   RO          484    i.rt_timer_insert   RTX_CM4.lib(rt_cmsis.o)
    0x080027ac   0x00000088   Code   RO         1089    i.rt_tsk_create     RTX_CM4.lib(rt_task.o)
    0x08002834   0x0000017c   Code   RO         1090    i.rt_tsk_delete     RTX_CM4.lib(rt_task.o)
    0x080029b0   0x0000007c   Code   RO         1092    i.rt_tsk_prio       RTX_CM4.lib(rt_task.o)
    0x08002a2c   0x00000010   Code   RO         1093    i.rt_tsk_self       RTX_CM4.lib(rt_task.o)
    0x08002a3c   0x00000012   Code   RO          486    i.svcDelay          RTX_CM4.lib(rt_cmsis.o)
    0x08002a4e   0x00000002   PAD
    0x08002a50   0x00000070   Code   RO          487    i.svcKernelInitialize  RTX_CM4.lib(rt_cmsis.o)
    0x08002ac0   0x00000048   Code   RO          489    i.svcKernelStart    RTX_CM4.lib(rt_cmsis.o)
    0x08002b08   0x00000024   Code   RO          492    i.svcMessageCreate  RTX_CM4.lib(rt_cmsis.o)
    0x08002b2c   0x0000003a   Code   RO          493    i.svcMessageGet     RTX_CM4.lib(rt_cmsis.o)
    0x08002b66   0x00000024   Code   RO          500    i.svcSemaphoreCreate  RTX_CM4.lib(rt_cmsis.o)
    0x08002b8a   0x00000028   Code   RO          502    i.svcSemaphoreRelease  RTX_CM4.lib(rt_cmsis.o)
    0x08002bb2   0x00000032   Code   RO          503    i.svcSemaphoreWait  RTX_CM4.lib(rt_cmsis.o)
    0x08002be4   0x0000006c   Code   RO          507    i.svcThreadCreate   RTX_CM4.lib(rt_cmsis.o)
    0x08002c50   0x0000001c   Code   RO          508    i.svcThreadGetId    RTX_CM4.lib(rt_cmsis.o)
    0x08002c6c   0x00000038   Code   RO          511    i.svcThreadTerminate  RTX_CM4.lib(rt_cmsis.o)
    0x08002ca4   0x00000018   Code   RO          513    i.svcTimerCall      RTX_CM4.lib(rt_cmsis.o)
    0x08002cbc   0x0000005c   Code   RO          522    i.sysTimerTick      RTX_CM4.lib(rt_cmsis.o)
    0x08002d18   0x00000024   Data   RO          115    .constdata          thread_led.o
    0x08002d3c   0x00000020   Data   RO          161    .constdata          led_f4discovery.o
    0x08002d5c   0x00000068   Data   RO          186    .constdata          rtx_conf_cm.o
    0x08002dc4   0x00000010   Data   RO          343    .constdata          stm32f4xx_hal_rcc.o
    0x08002dd4   0x00000018   Data   RO          401    .constdata          system_stm32f4xx.o
    0x08002dec   0x00000020   Data   RO         1664    Region$$Table       anon$$obj.o


    Execution Region RW_IRAM1 (Base: 0x20000000, Size: 0x00000d68, Max: 0x00020000, ABSOLUTE)

    Base Addr    Size         Type   Attr      Idx    E Section Name        Object

    0x20000000   0x00000014   Data   RW          116    .data               thread_led.o
    0x20000014   0x00000010   Data   RW          187    .data               rtx_conf_cm.o
    0x20000024   0x00000004   Data   RW          216    .data               stm32f4xx_hal.o
    0x20000028   0x00000004   Data   RW          402    .data               system_stm32f4xx.o
    0x2000002c   0x00000008   Data   RW          525    .data               RTX_CM4.lib(rt_cmsis.o)
    0x20000034   0x00000004   Data   RW         1054    .data               RTX_CM4.lib(rt_time.o)
    0x20000038   0x00000008   Data   RW         1095    .data               RTX_CM4.lib(rt_task.o)
    0x20000040   0x00000008   Data   RW         1180    .data               RTX_CM4.lib(rt_system.o)
    0x20000048   0x00000001   Data   RW         1561    .data               RTX_CM4.lib(hal_cm.o)
    0x20000049   0x00000003   PAD
    0x2000004c   0x00000008   Data   RW         1609    .data               RTX_CM4.lib(rt_robin.o)
    0x20000054   0x00000004   PAD
    0x20000058   0x000008a8   Zero   RW          185    .bss                rtx_conf_cm.o
    0x20000900   0x00000034   Zero   RW         1094    .bss                RTX_CM4.lib(rt_task.o)
    0x20000934   0x00000030   Zero   RW         1314    .bss                RTX_CM4.lib(rt_list.o)
    0x20000964   0x00000004   PAD
    0x20000968   0x00000400   Zero   RW          390    STACK               startup_stm32f407xx.o


==============================================================================

Image component sizes


      Code (inc. data)   RO Data    RW Data    ZI Data      Debug   Object Name

       196         14          0          0          0     635953   blinky.o
       112         10          0          0          0       1948   buttons_f4discovery.o
       196         12         32          0          0       2561   led_f4discovery.o
        62          6        104         16       2216       7506   rtx_conf_cm.o
        36          8        392          0       1024        876   startup_stm32f407xx.o
       416         24          0          4          0       5159   stm32f4xx_hal.o
       876         22          0          0          0      35555   stm32f4xx_hal_cortex.o
       940         46          0          0          0       3855   stm32f4xx_hal_gpio.o
      2444         62         16          0          0       5642   stm32f4xx_hal_rcc.o
       288         32         24          4          0       1781   system_stm32f4xx.o
       164         24         36         20          0       1783   thread_led.o

    ----------------------------------------------------------------------
      5732        260        636         44       3240     702619   Object Totals
         0          0         32          0          0          0   (incl. Generated)
         2          0          0          0          0          0   (incl. Padding)

    ----------------------------------------------------------------------

      Code (inc. data)   RO Data    RW Data    ZI Data      Debug   Library Member Name

       268         24          0          1          0       4524   hal_cm.o
       408         34          0          0          0        824   hal_cm4.o
      1410        162          0          8          0      40585   rt_cmsis.o
        80          4          0          0          0        709   rt_event.o
       530         34          0          0         48       8685   rt_list.o
       554         10          0          0          0       4237   rt_mailbox.o
       140          0          0          0          0       2069   rt_membox.o
       128          0          0          0          0       2451   rt_memory.o
        96         22          0          8          0       1254   rt_robin.o
       186         10          0          0          0       3142   rt_semaphore.o
       298         52          0          8          0       6511   rt_system.o
      1216        174          0          8         52      10129   rt_task.o
         6          0          0          4          0        700   rt_time.o
         4          4          0          0          0        208   svc_table.o
         0          0          0          0          0          0   entry.o
         0          0          0          0          0          0   entry10a.o
         0          0          0          0          0          0   entry11a.o
         8          4          0          0          0          0   entry2.o
         4          0          0          0          0          0   entry5.o
         0          0          0          0          0          0   entry7b.o
         0          0          0          0          0          0   entry8b.o
        30          0          0          0          0          0   handlers.o
        36          8          0          0          0         68   init.o

    ----------------------------------------------------------------------
      5420        542          0         40        108      86096   Library Totals
        18          0          0          3          8          0   (incl. Padding)

    ----------------------------------------------------------------------

      Code (inc. data)   RO Data    RW Data    ZI Data      Debug   Library Name

      5324        530          0         37        100      86028   RTX_CM4.lib
        78         12          0          0          0         68   mc_w.l

    ----------------------------------------------------------------------
      5420        542          0         40        108      86096   Library Totals

    ----------------------------------------------------------------------

==============================================================================


      Code (inc. data)   RO Data    RW Data    ZI Data      Debug   

     11152        802        636         84       3348     778719   Grand Totals
     11152        802        636         84       3348     778719   ELF Image Totals
     11152        802        636         84          0          0   ROM Totals

==============================================================================

    Total RO  Size (Code + RO Data)                11788 (  11.51kB)
    Total RW  Size (RW Data + ZI Data)              3432 (   3.35kB)
    Total ROM Size (Code + RO Data + RW Data)      11872 (  11.59kB)

==============================================================================

